/Users/piyush/Downloads/05BitTorrent.pdf size: 1499544


START:
0
,filebytes:
%PDF-1.4%âãÏÓ
1993 0 obj<</H[961 1403]/Linearized 1/E 90438/L 1499544/N 22/O 1997/T 1459635>>endobj           
xref
1993 32
0000000016 00000 n
0000002572 00000 n
0000000961 00000 n
0000002891 00000 n
0000003033 00000 n
0000003419 00000 n
0000003642 00000 n
0000003688 00000 n
0000003766 00000 n
0000004033 00000 n
0000004262 00000 n
0000004921 00000 n
0000005494 00000 n
0000005855 00000 n
0000006218 00000 n
0000006656 00000 n
0000007206 00000 n
0000007616 00000 n
0000007860 00000 n
0000008340 00000 n
0000008623 00000 n
0000009166 00000 n
0000009746 00000 n
0000010320 00000 n
0000010900 00000 n
0000011400 00000 n
0000011963 00000 n
0000012316 00000 n
0000058330 00000 n
0000089965 00000 n
0000090203 00000 n
0000002364 00000 n
trailer
<</Size 2025/Prev 1459622/XRefStm 2364/Root 1994 0 R/Info 1006 0 R/ID[<ad117b3b60c5c56937555a1e391f9aea><3ad43d3c5e010d47aa7920fe98d2e676>]>>
startxref
0
%%EOF
               
1995 0 obj<</Length 1303/Filter/FlateDecode/C 1875/L 1859/O 1843/S 1198>>stream
xÚœU{LSWÿÎ¹}\J©·Pj+µYƒ€åÑ‰UFCA§Š¬(Ó²-“)'ºÝ*+0”L31¢8`0³eÕ²=:@t†(shF&QÿØ2|Ì%ÙvzñÔ³ïË9ç×ï~ßïüÎ¹çž
,SHA_Buffer:
S
,buf hex:
53005aef2083b1f498d76720ecbcd1123645866b


START:
524288
,filebytes:
?ÉéÐa(!J®F”LÎ;ÀDc˜!Ê¨F´\3Nˆ5…º6Å¦þEÿH£gXÑhýù|ýEë‚w0úIƒf`o¤Óúûî¶Û]mx×Å5“Úä<ÆKí\¨VÃR}Y+m•én§UojŸV½ÁgßB
,SHA_Buffer:
j[‘7§oñ°·¶?@w(
,buf hex:
1c0d6a015b9d9137a76f0cf1b0b7b63f40772890


START:
1048576
,filebytes:
h Zv–Ž†®…ûàCÉ¼¿}*™> $}	h×hN‰"‹ß³jÒ‹¤¡iŸ¤
,SHA_Buffer:
çª¯
íïË¦amòPKóøM
,buf hex:
e7aaaf0aedef9dcba6616df219504bf3101df84d


/Users/piyush/Downloads/dip_materials_slides.zip size: 71031979


START:
0
,filebytes:
PK
,SHA_Buffer:
ÿ–fjš7†^ñÌÇyuÜÔý´@®f
,buf hex:
ff96666a9a37865ef1ccc77975dcd4fdb440ae66


START:
524288
,filebytes:
ÆIÔ‘E÷²Tˆ(×µ1r($RŸ³¬JK2–fäT†o8ÒþÝ¿±ý+Ôê1Jo¢~Ñ¦5®Š=yíC§Ë`˜¬í‚§ßd
,SHA_Buffer:
¬¶¾×ÓøÂýsÁ‰¹Í§G–Þ¿>"
,buf hex:
acb6bed7d3f8c2fd73c189b9cda74796debf3e22


START:
1048576
,filebytes:
$£?Xâ!2ë•NR
-z½_û™@Ó$0øQ†Í9R„á
,SHA_Buffer:
ÂžÚ®¶££Hþp
?ƒ‚Î¯@LN

,buf hex:
c29edaaeb6a3a348fe700a3f8382ceaf404c4e0a


START:
1572864
,filebytes:
mÐ‘C(<ù)Ïí¶Ìi=ÁþèñÁ€¯‚k?q3«þ¤Ö™dƒ#ó–…äª)†Ñbh I¦Î^ù	Â3|Â#:Ð”#-žŠÆ.yÅnòÊ’Hœxÿ<=Ÿp{°pë•ïtx¼Ï‚1[¤žg7E[ür™ÊDrûÒ¸©¯¢VbŽí«bTµÄ‚D—.C:î4ã‘»Ïú‰m›RÆ…×ÍÅ„Õ4N2Éð% ÔäG]#-¨Iá=4¬ý©YIv{£¿˜“$Ô0~Ã¿}äã‚{øý@Ÿ¨Úú\\êl”oæ`Kb{7-Ï!›Î¹®ÇZ?ŒNeØ%ßG%õ”«Û[´Îƒ©¿ýiZžÈ;^*/¾˜pÂa'JuþÎpUÛÙÐÃA2RÎÞÄî£=¿OM0'ÿ÷&—ñÈô8€¹ '÷h±™¯•PËµSéFÎ°¾U°›ï0™Ü«Ñvö®´ø»ñDÿ£‰Ñbÿs”ÊíŒÒÖ£,Àè¸àL„– è"nøóEðÆ__	ÉRxÁjÁ0à¥GæÙYET›,UÂÜÉ7}¾+EÛ
I‰µ6˜QÚ<N>(ö6¾ÅM}Fë˜ÿgÇ¯-8ë—rvë®ìs»üWu±¸ƒñ½Æta@FÁåI•@^ÇAJ–‘M¤ïÝÝ`/ì,þ¤u¶9tL1~\a«±tèñçwÙß(¸z‹ù	.} w‰3ïÎmñs\z‰ÖßjŽ"nXúéæFŸ„–ªQ?åÏ+?ª[:º¿ø]Þî¦ÞðÃ¬'¿ÀL'
,SHA_Buffer:
K&™­Fžwóè[ª¬­§æb‰
,buf hex:
4b2699ad1a469e7714f3e85b1aaaacada7e66289


START:
2097152
,filebytes:
ô¬É‹ý,7&=BâÌ"˜}ÎÂ•%;z2¢,Ð¶)ÔœóÅS‹;æ³\ÿëÑx	ªÿön5â‘ì¤÷[ëvõêWÞÄ^ÚÛŒ7PÕGý¯ˆD©I¦MÞØK1µD°[Ûæ
,SHA_Buffer:
¿UAþBC*¶Æ»Çñ»`?ìÜ,
,buf hex:
bf025541fe4243042ab6c6bbc7f1bb603fecdc2c


START:
2621440
,filebytes:
ÒØ„æ›Òq‡ßrx8N³ÜÕ†%m¾‚}EÒB9vöYÊ–ù™¿Ýûæêñ†"pÚV4l»]ÑÒ«<“öñMAýB„ÕäR?C“kcè¼!:ÅnlncŽZŒ¨ÑjíÐ‰ÞòÒÐcªÍË€«`³€V‚U9&ÝÐ?Š·`_½[{zJÝ<àxKåÀü~Á.¾‚ž(g±—³*.z8TêH(¨ã¨ùï¶m-%NÌñ ó7åxAäæk¥…ÅF	šï„cãNw)X¤ß²)Ñ^Oãâû)&›Èè“,Ó|ªîDð­Öaô¼A¸‡OU—á0ã<`DC *«èß32puë]þ£FŸRDð;%ìO·Ù…„ä¾ðŽß©2œ™g<ßøD•K¹Ó¤©<û²»¹i(’ûâ¨´t(õŠî,‹¥ÙÅºPèQ‚F¾ŒRDLŽ)Þ=‡PƒÔoÅò”(º‡V×víGMí
ñsÐcÕUÆYÎr¶gÒ×zö¾,é*ÅGîôtüÖ,ä¾0¦üb#2”D2c$oUBÍÀÖü1úº›ï”/q&d£‡çò¨fFuìmÇž–ßÐöuû”ÅLqÓ[-úþöQç í¾†¶4×±
,SHA_Buffer:
‘ðÙ“"yL2®köògÂL!
,buf hex:
1f91f0d9930d22794c32ae6bf61ff267c24c1521


START:
3145728
,filebytes:
ÒI,i–´	äÌi	«Ä65Ïú À¬;¸þj#–R¹lz3ž[û¾8ñÈJB2³;‹ÒÍO¹Ö×¸÷2?6ãäp6ÖßP;‘ñL1Ÿ[£féú]öÏEÞÇ0Rb?6431©F­#ö÷*˜àæ@8¨Ž/†>½<T—TÖÇž„jmÃE;:³ìaªÖ°í;£W›ÙS^(m¥¯{\k¶ð
,SHA_Buffer:
L}2ÔuÙT9­ça ðÄ§¨
,buf hex:
1f4c7d32d475d91d5439ade71661a0f00bc4a7a8


START:
3670016
,filebytes:
¶ŽlŠYz¸HDNæ|@rTtßZ}ç¼Ø5ÄË[|æ—ë}®PðçõüÑ~@óô£Õ¢ù«3žç”
|
,SHA_Buffer:
þ%ÞVÿÓ>^ØhÜ×	$ªS¤½
,buf hex:
fe25de56ffd33e5ed868dcd70c0924aa0253a4bd


START:
4194304
,filebytes:
DýtYIÿ+˜¡ÓèVe!Ùû“Ö«h×k¡÷<žÍ=ÁôGSƒ­yœR‡u¸¹1@|FöµP:¼{0¯?ûKßLÈ:‚7™”äÂóˆSbwz“{&„ÄNh­@u£ ï¨r@`îÚÈU:YªQŠ)õRéð4Ð€öˆ†$’kô
òrqåI¦¬
7÷®VÃ?à†MJIe—wwÃ¡­h°‘y$DÀÇ¡šÛ¦‘>ŠåxfSè°°
ßN>;%;®E„_B»l¼äTDV	p½ªé…¯[ÙEtÜÂ$A™	,D¿^$¼+ÑétñÍË…;äªë5è"`*~ÜÞA`yç-øZlÅ²%ßhÉ¸Ê‡vl`NÐ`Mfš;>—€fjÅé í&À»%¶–4èß…›îH[àf<ZÞXí2‰‰\êº%S$fgTIë0>k6Ð#ìÈ(…?§ˆ€‰ŸÄ›Hl`-X™"%Á!÷¾0|!ßR[ŒDð|±Èj5òýçúKDŸ©Œ^1Î#%À]Ï½Oøî¢>Û&ÄO"ùÚ1øñ-êòiç[-Öáv*=c
,SHA_Buffer:
g‚Ñ*…@È:N$¢[–"
,buf hex:
6782d12a85401c0b15c83a4e1a2403a25b179622


START:
4718592
,filebytes:
šU<Ç R+´þ¾4¾&‘»_>÷ö.êƒ5Àg‘â²E'é£ÚXÿÚ¯.5¦G‰;ì¬±ØRDÜL›9ïa°(3ïjósØ£&`ëäiâ¼aÄk,!«dêw-yÊŽRì¬jÐSÝUd+[2”M22Ù²Ç4à$v ]Œ+Ú,6°…'°H_`{Ì“V+2Å‡Ôå[•ß±>•ŠŽùßŽâtÀúÒµ¼•è4\Isá^éöm¿‘8QÎ†ì|öW˜T‹çÌú;ûèäHž¿à9ñ¤‡»rE&wfÏÖLâ"Q™ÍcO¦Zâ²Ðûiå!jý¾´?š…šÕÅodC2„Ÿe¶¶ø‰²§4ró·ù36Ý,­õÝ›62ˆ3—ïUô„ßRÕ2çtðMqò«BqÑtuY&¾¸ñÊcÄNFêë¨¸ÎÓã†æ£_÷qµ8©©W×Gj‚¯ül?ÞÄœ|Ctçô;w·À}Gµ@Û.—©Fïj0¥~x³`8¦á„*wT°>nW§Ö&qlM¬M•µý÷*í	÷kg>Âmb•êêÒ­ÚìïAêÀûAÖEûì¶E¤ä‚Á¦½
,SHA_Buffer:
AÌ%p™¿C¢DáŽìi/7P:o
,buf hex:
41cc257099bf43a244e10d8eec692f1037503a6f


START:
5242880
,filebytes:
ÄªR&MCRãtÑ¯W]Güö:z	ÂÛ’[¾!B"ªqô¢bEK†GÌNÍ7™ý˜ÚÑ myÞêéÊ+ÏC¶h·——üëDyE‘6pÐ˜—îJ¹”šú1ßáöÂÛfC¼{ìÄ—v`Ò€¯¤|ðŒÿâFoA£¸Hˆ—©ìŠ~gGsG¬áqÍ¤Ç“|t3Ç}‹ý“70”Ës•ÆJâ
¶F¼ûý|Ö"4ÀøíOÇ¤m5ø<ƒrX“ÊuèùBÙ!ÿd	*‰¬)¸”@ÌÛàæxu´p!^”öÔùMUg‰pÖ4ÕqÉwß3aë7A–¯„œš
,SHA_Buffer:
H<u²<üú„§”A¢xyëÿO[
,buf hex:
483c75b23cfcfa84a7944114a27879ebff034f5b


START:
5767168
,filebytes:
˜y I½º€HZƒ
,SHA_Buffer:
Ÿq˜–Ž×/Ãu2†Õ†=æ§˜
,buf hex:
9f7198968e1bd72fc3753286d5863d1313e6a798


START:
6291456
,filebytes:
Z¥Dv‰¿CfÀ´NŒ‡¹¥?åEŽ K¤ÿžœñò¥.*}üyá2dïûiZˆÓö>^+kÈqçy3zJ–°î×vñæ>ç7Þ²+|UÄ&/›Ú6$MÆ­dÕaˆ‡ápÂö”mšh}ÜAŸòm/Õz0ùõ¯<™æ©4±½+_‰.óÞy¡ÎWÓ?&xT˜A€;ƒdeÜ%†©ˆ‡‰wûÚ”ò¾)¶PN‹¿Ž¹;F¬^›¿±èBÎsÿ,ôòÇÌæÏ)Ã½%ÄÃï\€¸ñéÂŽ[XŠm2×ö*JŒï~ŒF³ÑTGµ ìüÏš1øóÔ…RÐ?uì£öÛb8•Ú{jç@)c3ðÓÛd£L©h‡j‡‰ÛJ…‰.w0¿|Š†7æðÏ@Â&–yNäd{/FÅ4) Ò|â«BLW—üà7HKôA†'vÚ¤²³,%†Ä€;—Zäƒ¢L&³dá5®ã»Ð†ze2)øÐo–•½ømô¨e²¬
™×Ì€÷NžºÍ”Ã-®©Ý@þÄ”ñ5\Îü±3+x³sc UŽýÉsJãQÝÏd0‰.7·ßÅ(#¾áØ(˜¿º7]NyRâã¢]ÑÉFÂ
,SHA_Buffer:
„šBÖõ‡Ž`;0Ét£œ‚Vô
,buf hex:
06849a42d602f5878e603b3003c974a39c8256f4


START:
6815744
,filebytes:
¶ááÀºNõ*ïÞLD0BÐ"£‡Õ¾X;É¡¦[šš)}gÏ–CDœ6÷´´†ÍãGÛùœRfSÖµ´SD¤ð?RïâÒW(Ä‚
@<u‰¬h_R“Æ¨äW	/ÇR-R÷fÛ`Ó0ã:]ÿµñmy‹iù†¨$
,SHA_Buffer:
ZiP®{™(OLr×Ö¾“­z²
,buf hex:
5a6950ae81137b99284f4c72d7d6be93ad7a02b2


START:
7340032
,filebytes:
y˜6]ÐF4g´s÷~ØSJZõÅº¿ÎêöL;šw‰…YEõµjûO˜|—+hY0c5~C««)›©>lkŠˆªdhÉ9–˜d°àï=\íQ#)g8ªôµ7õ}Ôxˆ—Ø}1QÒ=H?Ýž°µÛÒ“òX÷K8â]Ê‹Ž)-lp§YkioZ~oî~{ØÔ˜}j,M0{ÏúÓsaù
Ç^ÚÅ}Ý“6Úq1%H»¨õ¹È“¶j?GâÝŸ£aãFÆž”©XÈjVÍ­‘rp%5~#=Ãšiå™Âe>'sÒì<Ì„S×›ÝI7î\XªðvÃ·s}¿E¿¦Ð'Oqílãø\-ŽSÛ¿…minDE@ÉÿÝ<»â«<E‘Vm ì¡ÄIÚ!ŽÄÃÉŸúÑtrÉ¦ØêìÄŒ`º—ˆ¹bf6pq7¬@hAx»<
,SHA_Buffer:
Zš·x2Ë²ªúC`„
ÇäV>
,buf hex:
5a9ab77832cbb2aa0cfa4360840a021dc7e4563e


START:
7864320
,filebytes:
ÕÐ³ßØ!"‡Tà÷¥µlVÕTn~4–Í*Ô*ßD¡‚r²ef¯¨AêÓÂìxíî5ZÕ‚^
,SHA_Buffer:
(oþ)ŠçzIÃî+1î#˜×É
,buf hex:
286ffe14298ae71c077a49c3ee2b31ee2398d7c9


START:
8388608
,filebytes:
¯ÞÝI1À{He)Î‚¢ç•w¿«‹—ÅÐR%É…ÇèÒŸéÁÔà4—öìÕ,seFy–Ê®PôÊ°&ró¨Ò˜$Õ„‡•_¥…¦ÑkìÆJÄ1ß³6ì¸¯™ŽD•Ç¶]+Qkõ6¾À®íi/>p©jqÓ<£/ÈÉÕïÕçC‹Ì/n=xeÌõÈ‚˜ä¢öÔ÷—ÃGA²šve°­ú¡VÂnFæ|ª"ÅO²áÜœÃP*t>;ŽtÎã€-yÞ›Î:Oð£yü34T*t”¡R&ýPÀÇ•ŒgåHÁ4óÊ}ÿÚWPÊJãŸq}ÐæCC¹°š.³­É?û!ÅíÁp%v˜Ž×õ-»­ÐP{;"PÖ7Š.Î×ˆ“pk‚oªŽF}lªWkRWÄ/v1Üc*Š(j™y'e¹
: nß¯N¯C²­.éÝò¸ ÃLØâŽ´ñ+WS2Iuå¨MÑ^ãZSR¨¬ãË™ò:Œ9–b`¬lØEì¹ÈµÍ\²ü¤¹ÄÚp¯WX>tÂó­C’H5ì¼Ï×ï‹ß<4~c)· aRcR‰;ÐMh=tÜu`1YÙÜ˜,cŠìWŠ}Ð^L/$ÂïOGÃ\ÄÂë:¬!nÇ|éÅ¹œí%{iõw¸¨6—•ÚÞ|™¹D¨ž˜ÛÕöšøuµºi%Ž’§´Ÿ’–2›çp±Ï‚’Wg.ÏùcÇäÐ+”bVoq®«Ç	èZïñm_sÕ,)ñáî>­šy…|dÇÔK?ØÆÍxA—lÊ,¸é~r‘#¬b!]òŒþ7àÉ5ã£.[RŸ¿¢)@‹‹æVã]QìœÉ~òAjÃ­¬µj²xÆ3 ÑUõÇÃ¡m~£§Þ½ÉëTnKIëÓÓ3B„"¸—?¢ôúj’fÇ#µ#Á… Æ—ìœœ½ÔüEgs¿Ã²ôÎ¸v•Þk–þüÊQb1Õz™<¨DøÐ!Ó¥C¿µQžšaÐn†<é+`pÉÑ2w&/"ŠŠ#…9‘ƒbu†ú_Ëû6¡ÞÃ-¿ÖôäÑ'S®U'„ç[ÇÏR¨Ø$è¹–+$’q‚hqB’±×ÓR©>´?ô}2U†)ýPo°ÍfMÇ÷Ý¶÷§ì^éMAn4>uŠ2?á´”;çÅ='v\pŒOBe{ÉÕ„Aù5¤u™³ ƒQïW^ö³_~š²nj»Æ31P³ÑÝ¢–n´ïqa3G¦©ðBóš°ññ,Kxvó˜Ö<")ðfŠY¾5H¼>hsH½Ac ,Õ¯®~6$?›`‡Âž\Fó	çõá^Æ#ž®b?½c~8ÿ
RJ).í8¥À[>.²+]Kåð.²¿©”/a<\W©,ŠŸd0º”‡Ö>âJ¿QhãH;‰ò¸~væ$L-ŸÆDÉA‚ýòSÌÓ^¾&rÞ`Ã8ýÖ£N¹^+2Ã.¬Yz]—~kç·Ä"÷™-‘m%`íÉÜ%¢)P¡ÚÔRúýJh¹Vëø}ù{—{vœm•=˜G§YS%;2û¥ô£ºÛ¡’f[‘u]˜Hh„N­±úBÉaÔ:L}³8[³vÅœ6ÃvÏ¤×
,SHA_Buffer:
ë[–ßû5Ô:ížSA§ø¨
,buf hex:
eb5b960fdffb35d43aed1613079e5341a7f81fa8


START:
8912896
,filebytes:
ˆí•Ñ>¨^Iªc¯Ec[îí?ptìl¾o;JÑš¥TíY­UÔÞª5¥­½ùÅN¬ÆllJ©­vÕÞb‹½Gjï b+bÏ}ýßãùÏqÝÇ}^çº"Ø~ÂoTÙÎL¦d	þŠ?Ÿµ—)ÖŠæe½ý8åñ	±pÍO~R½A²u ¹µa|f:Bñš%ŸöUžéw€G}Ú³Y)j_^äž¶StÅªí[…ìi
Ê_”<g‘¸vxÏ”àÖkÓIó¢.V"¯]è(ýHØîCê4_E¡¤Kë>wP6ïWé®®Šª†O„MñKÊ
ÆœŸð?‘ôÑùJ˜Ã~-ÑäŸËz¢I6ãóê·¢–KÌ=€šîç+‹Tz<T9Ç«vzÉ†º±7±öO"ýˆ%Ï2¥Ë)DP2IjYÀJÀÍ~»²wn}
¿w†î4b:‰b)˜‹Œ¾+Ó!Z
,SHA_Buffer:
~¹°Zè:[NÕ|aWä^Z
,buf hex:
7eb9901b90b05ae8033a8f5b4ed57c6157e45e5a


START:
9437184
,filebytes:
}”r [¿ª˜Jò jó›4¨`1QxëÝ[£	¯kF€ ¸›£ÃdY:ëjçhÕ@dèosõ4­3tQj}mAŒ¦i?p{§‰©ô‹h= vÂi§¥>šbóþcaéùÂJŸ{oœ¾ñidžm#oß¼!¿àþïY¹Þ²7ÐŠIÙO­ë¬qº:ÚC`d(ˆ?‰ó…QIá¦Ê†Väêa¢ æ€¶»$LÏÓ+(×’öª³µÄùåÍººëŠ÷)ý‰ÙfÃ«u„jÞ¯)jºÃB7^n˜4œO×GêŽ&ÈêñŠW^|u}=
l?³˜*}aÖÇw¦N´O¿Y™X^ÍÌOËŽö|¾÷ù…±‘Æµä:•…iÝSTš!¶ê’È¥y™˜ñ„†º7*18Õ‡‘ëÊcàŠwîít1Ð©rËõ˜BÃbÛÐØìÕªøc\øÄöÆ§Þôep†nÊ;ŽôÛ>])’)©ñ6EÐÂhâK¶ùö§o˜^è´åœ…žrø–¨,OW§¥NCÑWzèPrèÃB°f…_ÓÍÍzLª-1 î¯vLWÀ#7vƒÌ‘Nê\®[‚Ã8’0Je‰¶Í•£:¬—•øÝlW‚ÁU&ïTˆÖ€…d]5|b/y±#Z††ßa<Cµ'¯˜t9åß*²ZNÕÐÖ[îfÝùþì@ë»óèGåºê9ÖéŒ¤Ø)ÙhÎøèö'ê‹ÍùgHé0‘å}¾Âý
,SHA_Buffer:
Où¶Xh¤Y†‹¸Ö·5W1Ï
,buf hex:
4f1bf9b65868a459868b03b8d604b7355731cf0f


START:
9961472
,filebytes:
ð~ÒZëÚítüÞU±:o¼–å3Û ÞRZ`wt©Bfœh+K.götBvÌ?ºÉ³c«(³ƒK?Î<4«ô¤è"qÔJµÑc*-Ø¯(þŒf>³[S‡í©C¼µ–•n^›øXð@±|/ÀFÂ«y”ßÐ|]dKÉ|7KDNƒ“ÙŸòœ™>Y;×„èn[Û™xu—¡ƒut08ÿqÌß$R¹É¬
€8ºrBu”È|&çäÂH¯n˜p®ýbÂž«D
,SHA_Buffer:
d‡8â…NVáHˆZ5ï‹à
,buf hex:
648738e21d854e56e17f48160b885a35ef1f8be0


START:
10485760
,filebytes:
ŠÌD˜¾(Ë`Ç}2ÕÀçÿ^mQ$Ò¤oéÀ–Å¾h,€äNPér­m\­qÄ6pyçù%Á¸Â»‹§À¥W–¦g
K¾ë7þ V!VÉˆÕ[6xå¥©¼„’Ç–<ý.G»a›Yö¼·hØÛ™‹û1¦/YR…BÕYvûuG×2¬íhþbîžÿò€uQ*Ú8BJÞw½‹³ƒNJu„Ç3D¦1+P@ÌãÏ‹0Ûƒç‘ÛÃº—°Ó‚‘úán»>èI´yt“hè¦Û\£«v§0XF]„æeƒ‹î"»Œ­ )¬áP£^‘ì(^ùñ8{VqÈú¬j1ÖCââ¼’+Ÿ„QKïâOûóØCðÊ5W-îœ»|AÊVÓ¦-0¼~-ÍàæZEI†WDyß‘Ø›wv*Ü›
ïVÆ²bæûÃöZ{$!²¼@‡Fø6K³`PÈ¢”ØÂêXŽ?'Ÿ0V!oõE†£k’-äÙ*E7G©} T f	®Uu$úäPWbUàÀZú’>²«à™Áµ$˜é·<8ï
,SHA_Buffer:
j:Ö%”ÎõBÏ	º“:Q‘BÌsŸR
,buf hex:
6a3ad62594cef542cf09ba933a519142cc739f52


START:
11010048
,filebytes:
Ýô±Gæñú5ÄM+"b­ï®ààÀ¸’ž|!…2Ïà¤Æi,F³±,RäðÂ[¥$*9¦H“Ã¬r½,iÜë;Ö_K•²¥ËÛ¦y™_	±s!f&|Wª68mH<rª	Ì´ÎwQˆƒ»Ã‚ $A&¡ä°†dŸ†€dø7OS·eí­˜ÅÚ,ØqLÇÊ8#ZD#CêÑji÷IÅ¢Ÿ„â{t	£àœšÝì<ÈÓ¸{¿÷°F(_+bIw¥i´ zU%(A©.¼–ðä[áÛì¡Ètb'Žù¾÷ÒÀj
,SHA_Buffer:
Ìpk+!ßmÊ´ lÓäÄ«Ægß¨ÿ
,buf hex:
cc706b2b21df6dcab4a06cd3e4c4abc667dfa8ff


START:
11534336
,filebytes:
v)é-µ¯[n´£¤A7rþÙ}ÂI©/•_¡/s1Š4j›=˜˜ØZöÚ¬¦Hlã~¿œ-¼J\»àáeôHØNuè¼Y¨2ºEãÍ×¸¯CL„x<Qžyêl>—†w×@´Ù*ää¾×Ø¦Òaîûídò ÀÄãôØ÷°¸C”KÿfŠVj£' WO<°y>LÒ3B†öUÃl
Î91éeÅl²M’
,SHA_Buffer:
Æ!4Õá„ÉíÙËÌ)ü¢C_jk
,buf hex:
c62134d5e184c9edd97fcbcc29fca2435f6a6b81


START:
12058624
,filebytes:
eÔ9^£ïO$mWvüÞœ•öfMßâó=-êá¦¾7hB8$æ®¨3£d^Å§ë?“Æ“Ã½å½iý.›w<½é×sÞˆ˜:hZ
,SHA_Buffer:
"MyUù`†RÛMWÌ>"ïkÐÑ
,buf hex:
224d7955f9608652db4d57cc3e22ef120e6bd0d1


START:
12582912
,filebytes:
%4Ï!{bþ³‹{S*Eõ—ÖàM{`¾ãa±ˆÞë¡ã4X`„‚Bˆ_e_ÜÀXP]	;#æîüeiÐ)èhjŠ¢§~ÙõþÐ+ÙhKÎE‘UÓ•Ùæû¾f[È\Ø~4}è
,SHA_Buffer:
ÎT"KEç¬kÖò¼~}â c=Kò
,buf hex:
ce54224b451ae7ac6bd6f2bc7e7de2a0633d4bf2


START:
13107200
,filebytes:
­îì²`¸x^52íS‘é×îúÛËÏ=Ô‰!GRÆÜ«Z3Ô»¯ß·7¶]Ž>™î%YÞèCêù£ÝÒo@YHù­+µe_=5þ˜ÅÈ?û¦¨_š~FnÍœ’uÉîµöÒáuæ¼È|ÎôÀ;ÎFµ¥
FÕ¦ZNP”2”cñ›ß1Bà„{û!	v6MZPj×‡n+3ñý€Ž“\ÓlHEêÂ!F¾ÔddEimT7<´½‰? Û¨
,SHA_Buffer:
ÿÔIÜrÐÌ¬e‰¢éÞfû«É
,buf hex:
ffd449dc0672d0ccac6589a2e9de669dfb18abc9


START:
13631488
,filebytes:
b±rüïìˆõ/³#ðßæþ¬,Ìì›íC>ØAl›îA“îƒ™
,SHA_Buffer:
Ô~•é
,buf hex:
15d47e95e900983242097d7535c6edc6f37733fc


START:
14155776
,filebytes:
cîóŽA‡«â½,)©ç©‡UP%¨rú+÷;ñc(r¯kh¹2jC¿—^»Pc‰æºÃüxM†4P…7fœI$†Ižìèª5)YšU÷­Ðò¤šþô¤ŽÂÈ‹º7ÏG÷xc¢âÒãtG¹‘·¸¦~:Gµ§eˆ®ü±ð)’l­Z°‰÷åôú<|êF<¨ÝÝ3ØMOÎµ›§ëÍ«RLpª­Š?gTììÅ½hÆ&j¯ú+@8¼)C‚³"V*Ã1OÀåß*Ôøê;<>Ó¢UýW<pK¥	}jÜ26½#ògG73×CŽÀ™²*ül½Ê9ÒÓÕ¿[7?[ôpa·Ü¬4^§óäÇÆ¤ØWõIÎc(!5-ê¢zGŸôÔ„ë;Ë–2IVIãª†©BÒé
«ýÔ0'–ŠT¡ÖG,¥à¬^`ù%úkÔ'Œ'ïÜ—¶Ì}ËtÁ“*’ÇQËÄ/Ø¯Q¡¿|D¨)(j{ÞÕ5ýšäl¬èçªüë¾ ÇcÉÙp¼Dµ-8L¶Ìßd¥/Ìþ§¦0½U¾¼{ö½ðƒ
,SHA_Buffer:
AyÏFV5s7Àþ¸n\·^
,buf hex:
134179cf460b5635730d3710c0feb86e5c10b75e


START:
14680064
,filebytes:
»l	Í²)ïHË¨Ž¦×™wÜ)a´o+µUÆî‘êx.Ùæ|©ÊEC+ä°E.D äj©cu<kï^ËðõŸÙæN†y¸S³Žæ¾X©d|qÞðóêxßºón)}¡W;K—î;ù¤¬fuzž4MžÀn¤þÆT³ÚaÓXíôGåø:\oÕTf¬‡¦~œëYTÿYó'ÍMÁ:é×[‹d¿Ö¼ÒF›“†ZGÞc‰boäQ;"µµØ‘ÓÌúT™F8³4mÐè4ë·WM)IÝLŽ-aFQâ-¨™6¥5ÿŠÐ¿‡N¾#\·}eÍdÌt'¥œ?|·»šµYâ”u¹¾5f%¬å±å=È*ðmê·Uüm}‡à¼Ã44¬Nw‰|~nZÁó¼°øú©šÙ8}üNûü{
,SHA_Buffer:
¤D#ük$Ou—³;dÕB9*.V
,buf hex:
a44423fc6b8103244f7597b33b64d542392a2e56


START:
15204352
,filebytes:
ÃëÌ³`ó…ˆ†B±¾Îhÿ4^^6"~†NÛ†zXLZÎ:\6ÜÙ'ñ-m€N<PºhÃYC&(rƒû>Yí9¸iLm<]8§çº\«úçÁ>/Ègžë`o¡â+†ÿ*ÂWàã3VÙŽ8qâ]Œ‘ˆ¾Òžíwÿ%×Nô×*V+ 
o‘ÄõÞqzÚA”}lÖÒk”h”Éê)0]aF¼e¢†µÝ%#zøDâ}žÿn}Ïw9º)z~mdaRÇ`ÿ"±#^b!^"³k:úÚ‰!È?{sPö;˜ÃÙ|Èa÷ù4Ô%Õ°T•[³:,@]¬.ŒÉ‰qŠ<œÖ”Òb
,SHA_Buffer:
ý6áíæ¼ubÊÎp¯aß{ä
,buf hex:
048dfd36e1ede6bc7562cace701aaf61df7b9de4


START:
15728640
,filebytes:
S†ÕÅ6ê.[ü=¹€ñ¾sJZ2¼
çÇRï·Uíí	EëÝæ¯M±`Ê/kEgZ4
	Þ‚
=>MR\€é(B:F1Ã6¬vð•¹õ>Óü§þhg¢èÓºø86¸Ž®ißÎó/•Æ=®ÞÕ¸S¥&
,SHA_Buffer:
=#}Â)I—.Îz~<ú
M‚³ð
,buf hex:
3d237dc2291c49978d2ece7a7e3cfa0a4d82b3f0


START:
16252928
,filebytes:

,SHA_Buffer:
°ŒL4×ËÁ²…¥‚XJVla
,buf hex:
b08c4c34d7cbc11ab20e8519a582584a566c610c


START:
16777216
,filebytes:
)L/µ(aîgo,Î’v[†0qöŒu0»ìÐl÷Ñ‚j§Zn*=µ-ß–Š~ÄÈ·ëq+¥š¬ÏšžÉiœw?ò½óÛ¶ê»dÆ-{Íd
¡JþeLÅžÉào]¹klYÌð}Q=–=oQ®ô-\‰ÀÚ‰2qpãŽû¸…¹o˜hÑ­vi'Û¸*Î#Ý7¦XKk/„ðNX@Ñ¤8Ï¬·Ž„tà A“^„’‚¾—ó ZO*ÂŠ¹ zŠE0Y…9d¦±fÛ½™6w´Úÿ]hðöÈ¦gÆRo+^¡­¿6‰û—¤¯Ç”»qÈ4±rƒøJ¯Þ^Îó	¸bhÏÞ²x2÷V,$XBôª<-êÏ5[Jtk.‘] ˆ¸gj‘v@jÚVI$nÎÅ\1îó¨¸àì3õ³e²zƒZHkà†k›Ö£<q|à{V7’;q†ÿ]çÔÔæaËÒ›ŠŠé½ƒˆ€,ÍF¡ª!„Ðb
,SHA_Buffer:
‰j…Ü$÷P ]÷dÏóitâQ©ª
,buf hex:
896a85dc24f750a05df70b64cff36974e251a9aa


START:
17301504
,filebytes:
`n‹7è‰Ü–õÀÅÙÛ÷ºëŸýTÝQì¿rÇ¿ªÖNZ~ø¦>™`{Îâd«CrÔ‡<‹¿n-üÐ‘­íÈ-¬-*óH—<àæžP)+xÔoC&Íá!¨8+6‹úä™Ë¶®7ixf…EL­îpŽ´öÉÐ›¼ÃôbPf™u½Q4¨Šg.½5†²9£vBxÅ‹~Êôæ±¾6± g@rO>jqÛ´Cª¹ºâ<>–™.ÃByè]õÕ=î!}³ý,GDQÌüy%mas(ñ´Ž7˜7ž¸âi¸ß¿ÿ´Ùß³b/±´ßsÿ²JN&ú*%ë©¯u7¿,I?O¾$öõA	
mÍ„µp¦¥Q}š|\JÙM“ŒMš²=ï¯úpR½3I†y¢RÿS ÚoÅy­ÐU]ŸJÖ¤à%šˆnší;›š%¹ôhÌ™sõRŒcÐÞ©Q*UÉÛ)Q]qBž¥WIVÊ¨â%P_Ï#kÀØaYÉ`ÎúKî„îZéÉf°§yÅ9¡·ÆýWÖK#žŽXñ2°ôjAèTœ_¢÷8llßZ”#÷’¥¬·f¥K‘&ZñîL:dúÚ§§ýÉæÔ3Ýø •+@]G??P5\OßôÕKy?
,SHA_Buffer:
¿?ÇóLìöàžnÍãöq±<˜
,buf hex:
bf3fc7f34cecf6e09e6ecd8de381f671b1143c98


START:
17825792
,filebytes:
ƒHÃ–ÖGC;RU¥5Å®¥a/*Gl½óXæIŒc³"éfY¿zåÊ¯êÇ¢SMo	ajK•¤¿èò¢»B|	.N´%=œª¦Bbèòƒ|ç‹Ò®–’Yíe‘{ ª€òàè·ðaú_ŒwgD)é­
¿(ƒÉ}	?9ÝÔ/¹'Gd”"rxº¦mÜâqIÂ•áS¦ÑT¯†)ÐÍ¾Ñð_¢¤G ‡[\/…Ë‡ö co;7þi™U–9L˜í\yø¬¶´4òÊë»Sübþ´ÆÉÒŽè\ÜØfXŽI$”
,SHA_Buffer:
å$è=°iîÄê”ŒÛX´÷VÑ
,buf hex:
e51f24e83db069eec411ea94198cdb58b4f756d1


START:
18350080
,filebytes:
Ïí¡ñÐ,ÄÚI~ÝW_çí²É¡«Æ©÷ÃGjÚêc¶{ÑèÚì”Ãõ³³ÞÂ«Ñ½Ç¸ômxrnîy§Â¡¼QŽöÝO§Öˆ‚ßL÷D+Ý›¡ÚqŒ‰‰i\Ü)QÑÏ¸¦ÁŠÁë>ÒÚ¤FÉ†cÌÖ1³´ú*ÍEus{üænšŸº*3·5Þ<JŽ
¡?)Šävò*b;h”‡Ÿñ™"b„hk¯ôØ#¬äßL,ÉòÆø
±‰¯4ùŽb¡4æ¿w´ð×u³[È{4¿Æ;í%Ë¨®2IEÎL_9ATDä¹P6*çgïq7Îh)Ó=ù@9“díÏÏºk6sU<~ýå5¿-ˆ6ââ°ã«Lç‰=y‹TähŒ‰­:—²[‚A,BíúL¤|ãÀ†
,SHA_Buffer:
E•¸ÿ–î¨2Ñ²hõh–mNt)
,buf hex:
4595b813ff96eea832d1b268f568966d4e74299d


START:
18874368
,filebytes:
åáEçÏKÏˆIé¡tJ].°Ô]QØQò”_PÊµfe¨C½š,ók—R‡ï©ÞÏ)¾OçÔ…­Çn¸‘·‚ÌÿµGT°e’8A;~Á\Ñë]Q[bž«a^Ž[™‘’i^¯ùÇß²ÂËŠùynmfÏ‰fügî
ˆÁîïºn_ÛÓ”®êØ§eJk¸á_„ÑãÌ¬ËÄÍØˆ6xD€Ú-¤³¡þÒÖRÊœG’¨É4ˆûøÅøéLû*Á…‚Ðšýë™ÕóaÉ72CÁúa1²*zËô«œI¼Oú%ëq°y§ÅÝ¯+i®¶~æÚëäU‡Oó]dk¶'ê|7Eó‚M×íƒîAOBÝ]Îf‡¡ç­)»v}Â‰¶Ó÷Û	ê§Œ_ä>“F`Ov–»”(àU§˜Æ[$Ò"úßKPa
Oë¦h¬£±æªêhŸ‹>øŒ.R¢×Å›G‹WÌÃ0•ªª¹W™¯1NKO‡¾÷l°<^ð¾úÙÿÍ¬èK%PBÃoMÛ†¼ƒŸŸîœ˜µ™Æ_LeÀ5€0¶¶õÙzY*6Í7&§ú¬ÆùÅèÒ™Ôª1“ÁþImäÕ/"ñZÙìµ’Wn_eçÙSBé’.BœŽÙzö4ó™§ †˜Mªã
,SHA_Buffer:
@Û2áÅoDi´Ì×—]u–nÂÖ“
,buf hex:
40db32e1c56f4469b4cc19d7975d75966ec2d693


START:
19398656
,filebytes:
@©JçÂ”/%¯N¬;ïs;cÕÜéóJÿw½¢x»#Ù3Þ³œH§$±¦vf˜¹œ×Æ6º„Â0ªT-ñî;ü“`y~HæàMC­=ßwþËÝ·­cn•²­éQ<S7Œhxà€è§©Ebç%{<‹òk/º°Êi·½l*MAÂù×®Z•?j?ÿ}n± —9FÀ?4ÉØsîc-êì;¤Úí#1Ü¶ðU/µÈô·Pª œ“¤T“µm&Ç6Ù!­4ÙYÕvFõl^i¯i« @ÕEB×Üe—s‹ìË³ Á z¸¯z"ïð½Öw—ªƒ/süç›*K¾2Û¬‰Òû'ÜMhŒõ*‘Ì„šÎ,ØóõW*d0Î
,SHA_Buffer:
õä(ÐÜ¯WªWè2ØSÚ
,buf hex:
f5e428d0dcaf57aa57e832d81653da00f2bfdb73


START:
19922944
,filebytes:
÷¥tF¶˜“ùŒ——Íàa|ê»E–ÁH@àÉc;|„-®«+ÀØ«ÎÑ‹Kú~kª\AX:¨ÍÍö¼7ñúÚÚ•ê²µW™¡W<ù#'°9fwYƒpÒ/Žzä­j5l}§Ê¸L„÷*Ø.)|ûÒMùªÅµx¦ßg´ªQÙ"´ÆTÁn‡Ä÷iô
R¾]êolÝä•¤YÐÝeý£&ðUoÏ‹R‚Ôtéc58,ž;öó	Ê¹¨âg¥bÑUÇ·§š8QÐ{½1ôÍ‹™NžVòòõ"=À¿Ç˜˜ƒ)+—+´Ô˜Å%Š,ó"”eV™="™I×ŒÆ£Ð6ÖøòßR>•kÛ:#ÜÛ“Üáû—2
,SHA_Buffer:
ÅÁ€ë˜ R´Ídk¼oøykNj
,buf hex:
c5c10e80eb982052b4cd646b04bc6ff8796b4e6a


START:
20447232
,filebytes:
Š	NOWÛW3Â™ò¼É¸Ö~¿
ÜC“¾ÏÄ÷kz)7W¨ž^^9¿êg‹ÍÑ]Rz©½žxï_½_ÏÐ™73>ÉÔ·ªL£i,8gZŠÑ´\ rùEš’,ä,öB.måü¤.öÛÛGËïiM&ÌâÙe
Ö¯‰2ªÜ®KÜýÒYÊÈUØFÕ`ÜWE=ù7âíz&/WF‰ÇfüzöØ
,SHA_Buffer:
’#è^½þ¡ê·¥F EˆO¶
,buf hex:
9223e85ebdfe05a1eab7a54620450c8807164fb6


START:
20971520
,filebytes:
S²ùç1e—}.m½ªï~‹Ø›£¤Ä^ïë¦5‡]…0ºÃ9¹B”¹ý-(pfÜ+-Æ+H—{è¼"wSÓ!®b”ØŸ7ËÄm*Œ~9˜úX5‘5ê’²'(w$ø«¬*H÷¾ˆ/7Ëì-^õu£QOg~­UPD>Âq	^Ë
ÚÑð°]M»ö
!fä…é€0ÎÆDô^ÝçJé*s7
,SHA_Buffer:
ƒ, „m!×ÙxJIbe¹å‰—.
,buf hex:
832c208f846d21d7d9784a496265b98de589972e


START:
21495808
,filebytes:
ÕFêÛÍuÈÏ=*;k‚œZ12¹ÝŠÉèFÄñèQÜ@²"ÇLUË]>B+Œ˜× «mÁŽ#”Êv­(ä2Äqô®VùºœÓ©#“ñ–é#ŽÂ¹è@ªvÚ5ô	ç;ž:
ìfhZåU£=3»
Šâ"Q¶¹Æ)6ö.5]’8BúÁ™b¾#ƒ’OSUÇ‡tß\+$";[t%ŸÔÓµ_BVÁ;¿½\ž²Ú®²·¸uYVí]Tb¥nW©¤¶3µ­WHÐb–ÚÒ’mÄ#\ÕÅÖ­r^BÍéÒº|7&¡qæ\ÉÀ<úšì´/L°;vÈ¯Z3%ÝœþÎU‘äw–·Q[=*Že¶uelÀÅ{üM®©r±ÉmÐsÊŽEjÇà-6u‘>Çó7CéRóÅÙ£9a”zŸ0B^·
,SHA_Buffer:
`ñ)ãu.$uî‚)m&^4–KÕ
,buf hex:
7f60f129e3752e241575ee82296d265e34964bd5


START:
22020096
,filebytes:
' fè<tê‚î@÷¡ÇÐ÷ÐI0V‡õáy0v€]a_xÇÂ)p:¼.‚EðQ¸>_ƒoÂCðx
ˆ$¢ˆh!¦qD<@$‰C6!™H"Bj‘¤éA†§Èk#¡bL1vgÌRL&³	“bª1˜‹˜Ì}Ì$æ–ŒUÃÎÅÚb9Ø
,SHA_Buffer:
…	È.<,Àÿ‹m›¹º–Œò6è
,buf hex:
85098dc82e3c2cc0ff8b6d9b14b9ba968cf236e8


START:
22544384
,filebytes:
ï´èèˆ@Ú
,SHA_Buffer:
4ÜA·œ1éy†§eI:2E—W4z
,buf hex:
341ddc41b79c31e97986a765493a32459757347a


START:
23068672
,filebytes:
xLÝ‚æhMÌÒ'‘››05R^ï`Dzúi¹|ãÃ‘–ÇxßüRM¸Ó+ày¥g£Ê+™åd7´ÎX|­¤*SË3´…î1È¡eI(\ÙùaÊOè7@Õþg„ýä¡îgÇ	ãÈ¯tt
³jkìS#µŸ*0j¸‰3wcz¾åm£°¦§Íìk[â³à¿÷2«”dÈÚ‹ëcHžýNÉªAä+û¹hg‰lò#ô%ŒnÌçŽxÛžõ€Ò•–f2ˆL|/OÕë55:ùÂq›1©–oy¶ÅvŽ™æ•Z+YsŽí
qCðŸLõ
,SHA_Buffer:
†Ö‹Æ­æohiv;2ØJæQ¾Û
,buf hex:
86d6908bc6ade66f076869763b32d84ae651bedb


START:
23592960
,filebytes:
…Ù?ÝÍu”¼ÂTŽLªÊ
úçh¥ÏmCª•ŒNü«X/EI6:EÎà¢‘ý£=öožñ©=&EšA-½àXZeoHðEc¢&5Â‰œÕ”aÉzv¾Ú¦ ,ZˆÂ§ŠõXî8+Bq˜ž[ÊåËÔÇ½ørÆÏŽb5˜÷<yI½Ò–RUÆ*MÜË³9šïØÇèÂ†×(þFçRz@á«·SôØL2¯á§#žq,q
,SHA_Buffer:
Žˆ{:ÕÑ˜*/îø¡4³ 
Jú¤
,buf hex:
8e887b3ad5d1982a2feef8a134b3a00a064afaa4


START:
24117248
,filebytes:
ë¡)y
YÈ÷ËC
,SHA_Buffer:
&‰~9S÷Õ%sð#{1„
,buf hex:
0626897e390d5310f7d506251773f01b237b3184


START:
24641536
,filebytes:
¬-"E§½–%-µiÈ‚~Qø‰Ü™KE‰À,×|JGW!¢qÏ°Àbí;{OÞ¡€OÕ–\´g*úCSø½îY‘—Cä»Ó·¨½Œ§’ƒV#úí|÷=Õ·T[m!DNœ„	a=Ú¢„ö°qæ¬_÷zÊ-Ü¬¢ÒÜòQ}Eœš>$7ÿ)Œ±`M*ÝýMýªò~[×­7uÞwÏŸ=•…M²ósß&äLoÿŸ°Ž6ý±9E¦Å°–]¾ŠýV!ÀDe@AÈð·"VÐÈ4uVŸ—ÌQ†¡KzL`›òä1 q&VÕ°[¢e]Ü(Ä?TÚl³‰(À`úïˆo<^’,Ô}›NÁˆ Æ™S”ç·:vyÊýx±ˆ6q³øýíäÇt¢[ÔÎÖhÇ¡§s	r¬Ca]œîÃ¯–œG-€g#›ø¡	„M‘õÜ$^I/)N?gµ9õó*°)€ÝÌ«$Þ?¨ÁéÒ­XÌQ!WXz;(‹E´‰•2_?©ÚÙ7&éI
=}K8R€ÍÊ1™I©'©c-ÓÜ^e„s+:É™]	“éZ©q‰|ÒÍGZöÈ=Ù±¼ ½±ÅQÆÂq±pBÚ¥¼åH f©Ö¨‘·B$,¿ÄÞ³ÁÜ0Î©¼]¥Z5(äm`ÿ=§ÍogÅuYÿ3ÙÕwúUê	òF¯ó4Ïs¤ -£X˜—œö^¨=-F	ó[q ‰ÑŠ–y2 mm€==5PF'Ø7É¦=W¤–ihv}W”WnãáË[*¾†ÿ£û¥”?¬IÀ¼Òò€]h™¹Ÿ†‚_4æAz&%ßâ…hlãÛBU„uÒ/ç%Ø]ÃÞ¶O$Ö$ø0Ueº\“åh#ÙFŽ4pM÷E·ÒQGLtÉßÛn÷¶$²¢BM4\k8£ÖŽ
,SHA_Buffer:
ÁÖG<Ÿ¥,*å O™ûm.·
,buf hex:
c1d6473c9fa57f2c2ae5a07f4f99fb6d2e9db70f


START:
25165824
,filebytes:
÷x5Y¬£‹Ÿ¥qÔª­{•‘‹	/†<‘O(OzÕ0åƒmä{R˜×;ˆù»q\²©smBÒÐ.d#šÓ
,SHA_Buffer:
\j—
u5ßF¾7³
,buf hex:
07055c1e6a970b0b0a750f0835df17461bbe37b3


START:
25690112
,filebytes:
ð¹@!ð(*g@Ð¼:^à0LÓÀ°
à€m`Ld-„Âá…ANBä ÊMÈiÈˆ9Äâñ€øAB ÑxÈH&$R)ƒTC ¯!=÷È2ä;d
ƒÒ@Y ÜPa¨4Tª5†Z@¡Ð@h$4š½½}­…¾†öBG ÓÐUè€QÃXaü0I˜2Lf
³ƒ]„a`W`É°Ø}X%ì¬6›†}…íÂÉáÌp>¸$\n
,SHA_Buffer:
œ·dÂ5«Â;uj€\*°)
,buf hex:
029cb70f64c235ab0fc23b756a805c2ab029171b


START:
26214400
,filebytes:
MIªeip?Ý^[Í.Ø‹PÏ@BéÌmz½ÁèÌÁmÃ×v¢+bÏœ¹>Ê7…Gšˆ…HÙQ¯½ž!®Dúñ>¨-3ò€'b0ßöõµ !ïE½8²
,SHA_Buffer:
ý[™Xrœ›cyÅd¯5ìÎC…
,buf hex:
19fd5b9958729c9b086379c564af1c35ecce4385


START:
26738688
,filebytes:
?Øy¦e×ó“Š
';zÅh#)žýï5ÀWk“à,a`þÚ¿Q2	„;„‡ç¤ØÜÒ„¬-šK½Ú}†o¯<†WJ±à¾Ræ‘«°EÏ”?%‹ð¡
,SHA_Buffer:
g—ïD,©ÇhÈ]ºhÜÕŸ‹ÿÊ

,buf hex:
6797ef442ca9c768c85dba68dcd58d9f8bffca0a


START:
27262976
,filebytes:
/ô] »y|¦KÈËŸ¤u%øÅ{cv[‰H™Pàc‡¦Ìpk_ù,Zåê¥LÔ[!ú=^ð`Ï¼#Ú!•¹ÃUà4Ö¾-…Ssæ^,NœÃ™ú@¦Ì¶µ,¤Ø†‚‚s;.NÅêv"‘Œ+?×ìG1ä_³{2ñ»üxù+šHÊÇãyq{“@¥24l¸ûßçÊáÌ*ÿ{PdÅì™ïm<®jÙv/5ƒ¦ïvVó‰ú:Ý;k‡MÊ‹—ž6
,SHA_Buffer:
¬”Uà»]Ã1¾ü"	xãâ(
,buf hex:
ac94550ce0bb5dc331befc2209780ce3e2280c8f


START:
27787264
,filebytes:
)Høƒ€¼ïûO~,…¸uR’»·Rê€êOðnC¢~
Mü-èÄû¼ºäøÉ	øPÈœakþ$ŽfƒZÕ¯_.mœ«¼6¡Å¾âCÕÍãošcÝ—Ìò½fÉhaS4§_×™ zPœpmFa¾»û¤w¦ý„ª%Û®ï<ã-¸thªZa;|Õ¢4•öÈCûa0ÿOø¸ÍÉ§ª*
,SHA_Buffer:
ÐkŸ;Å^Õê’cöÇ
,buf hex:
d06b0d1a118d9f183bc51a5ed5ea191d9263f6c7


START:
28311552
,filebytes:
vH×ì³	‘–âÜ‘@`Ã¸# õêuó®{Š¼K|Öz†‰uiåÇŸv óŒ!NÜ¶ÜáŽ8ÎÜg¥uÂT¦Õ–¦î1fÜÈ·>ÒÌž¾²¶³Wš&Òõw–öØHDÎs"¬¥T2±cÏ
,SHA_Buffer:
ÜG0õØÇ^h1×á³Zi¸ÖV
,buf hex:
dc4730f5d80cc75e683190d7e1b35a69b813d656


START:
28835840
,filebytes:
CÀÞhŽ§><„
8;× aŽÝ0|N;©àüR3ÏÂp[¤±•Ýþí±¹¹9™))
,SHA_Buffer:
¯CÜ1©vØî)£éÌõ×¸
,buf hex:
af1d43dc3101a9761dd8ee2906a3e9ccf517d7b8


START:
29360128
,filebytes:
/00¹¬’§qœÊúÞ}„Áë…ì%?*hä×HóW™ÑÙ¥–*¥lÀ•[^ÏÕÔ«$‰ös?ü·‰ÑÞ¹c³&",úó§oè÷µyâ'§‹íî½È9Ä\¡/~ò˜"„{
,SHA_Buffer:
(L½e•¨«ˆ¾›y’=%
,buf hex:
28074cbd659590a8ab0788be9b79923d250400dd


START:
29884416
,filebytes:
Ÿïúz2R:]Ò@¹qt¤a‹¼<lÈ‘#ùÌjýÂ†œÌ”hZ­‹…Pªd„gu@¶\!RÀâ¼æ­±1*•Fô%‡WÒ+/J±}Î¥.šç0‘í¸©¼?Œî5ÉÚÆ©¸¡:â~•ða]·¼¥éçìá‹¯ý³´M¢õ›ßFE:~½Ì1×ã9®‘Û.pëš0›Š3£I5G™¤×¬ff
?ÃK;1¾©ò6Që\êJÝùýDïã¨Õg_K¦j)Ë«ªFô½+¹z“—OûË]™rÖÏÞDº·~¶±¨³<+q*`ª
,SHA_Buffer:
Ü47¹üÝIŒ_m¬=æjÖ¸-…
,buf hex:
dc341d37b9fcdd10498c5f6dac3de66ad6b82d85


START:
30408704
,filebytes:
ŸÀŽž1{ÜÌÀ;^}wõºØµ™ÏÐ%’N{§.Ú(Œ·í‚«þxÇßÝF1Í8/ë§D/üQõX,O+_mpÍ®G5o_¨9Á§?Ñ=·èÈ•{ø‰3üžû`kêb×qVÒ	Y°Ax
p‚å¡ûÌyÈ¢õBðtØ¼º(×ßOß?làÓ–zxß%šñ‚ˆ‰‰ûen_Žiü|÷§ÎzT¾Y^öþ*@ŒùŠÅtú*k03§ÇÒã©ŒÚ¡ü”[†üU–DüâÜo[©S¦“ý›{øã«ÏöY¢	ÿoÓÿ"˜”…÷µ¦Ü;‚‰£3ÄmõNÚßÔC<@ÒÌO%JÁ©_rµ×¡ŠÄ¥É;úám Þï±&?/çk¸`û‘ì+"ÐÇÏ‡Ú¿÷ÇógCîÖÀJPÙÇ^Aw¬ê&¼™‚…£´ì£ô…’ûÅýþ=fyjÜPÝ¯äqN52Ía•†Èµ¢KH¢qÆÔŒ¥z8Èç¬ß÷†?(ÒP}¾Ž²~º¨”+_¦$Ÿ¦¨—c¶TãµYÞÉóL…ò7wÜ«?¹?L?N–?º‘¯›¯fßÏ’k?ómÐÙéêL¦™ŒÞŽ	-öç‰c	¤²fèº|6VÚÖ2ÎÊÆCèro§
D’RbÈ(&ŒJÚÓFbñSØæŒ!gM˜M’e&„ýLš
Š‡®›^hÅ´µQå¸4æf9'g÷
ÊŽÍðrºDð®ÎfÜGÜ<F˜Ç¢žãè©t®j?žs\vY­’r÷TŽÏY½<IœÀÌ·M’<¦ŠK">[8z&mh\.u§_m-Ñ(«éÆª(•Z-ÆŠF–hp?q¢>Õ.ÎIs"(VHyþ’?{3öÎohw®¶?,>§”20h0
”,£ÍÉŸ/I<¯§Ûµ‘ºäIëh§»bé¿L†ÞÒÙ\VJ÷2 B=G­èè »Ocô2¡Ô]WÇË¨›°î–Sn¢ðOZ’ÃhxËíúÀ×;ÀñÖÅµ6‡Ñ@–=Ø-éŒÒïÿìsìmÖ‡ªóï¤IyôÐc%õÒNÈ ·]Cås«gJ÷„šYcIE::âÐäÒÄ÷*-×è™XŸê®^{®”Žê~¼ÔlùV¸ä¸Ê¬²ÞŠ)§ŒÐ4L˜Q
&Ë^ÖÓ­ðt¨ŸëiáªóÕwH Û¨E;+Åc^}C§N]'F@}QyÏ5–­M¤ëhh™ÐÙÚR9tæ e³üìíÎê0väEæg²¥kGRÞÚbvÍžY6H‹|pÌî‹?}`6|MÇ‘±žòJÄÕ]çíÔÊw)C~¾B¿0Ýv,R2¶E¤6`Â£a^µ¼Ý-EÇÅ¦¥k4(ì
W×›…©A|Ü5[
„˜SWiÖi¬ŸŽ_Í¿‡’©ÿµAìúþ{àœ1_¿TÆ)‰5ºÓ=pþrÉZy
,SHA_Buffer:
PœŠûK5éÍÎŒHŸ$*²ö—
,buf hex:
08509c8afb4b35e9cdce078c489f242ab21ff697


START:
30932992
,filebytes:
“Šƒ¡±é¿Æÿ±|´tqV4u³·u°·û[¬#ï?Ç÷‰‹©þStŸŒðÛÁþoñ~ï€(Á	÷ããäú7ÑÙ¯¯ë ,YIIHø½.Ä@Hˆˆ`D$0ŒŒŒ„‚†‹Ž†ŠŠFˆó—”ˆœŒ”ˆ„ä3Í;
FJZ:FV6NNNr>!^vAfNö¿]
,SHA_Buffer:
æµ˜KL°c”zCGc6ï}m
,buf hex:
e6b5988d014b044cb063947a43470e6336ef7d6d


START:
31457280
,filebytes:
RhV>ÃXÞèž £|L,tÚpÊ¤ñv	G¨xƒWpkÚ~§°o“!=Ïx ,MâÇ[W™G
…§)?f7²rFƒýŽs-üY³g(GŽ·$ßÞÑ»Ù×–Õ-Ioq‹Ê¬p÷,©Ìf›ôJ£Þ¡ÿ ZüÞžL½¡ÐUÔÕö`#~²+«÷»˜¢äC’¥•u‰%hÊÜÈ¨J™‰·*qgÃØS9¹ÍÛR “ED­Á»­ÃísÿÖß¤šn~¾åäÚ¢7*~&ddß”ÛŠ¶›¬˜'Ú‹Et17?TH6å5IÝPºl§QŽr©Žší&ÓR«ÐÄ4n/zA}ÇG»ø
,SHA_Buffer:
2ï*Ù×ü&Äß/ˆ«ã†uAÇÇ
,buf hex:
32ef2ad9d7fc26c40cdf2f88abe386750c41c7c7


START:
31981568
,filebytes:
pxÇ½_ø£¨ÖîsØnâ³ù.ÑëÜþ¦ÊÇÛÆ?Ï‹-ÚÚÙ–‰|Jqnçyôn8ëÅCw­ê÷«ä_ê3ÜÁL27ÊHèzUhÁòyþ/ÏŸz–_(z{ýhåŽéßV%@ŽûG×§éS}Î~\÷GÒ£LíÛ³<žÿ
,SHA_Buffer:
ºÑå{¾3(û÷Úè]ä"Óc”
,buf hex:
bad1e57b1a18be3328fbf7da19e85de422d36394


START:
32505856
,filebytes:
ÜÞõÝBðÐ¨ÞÞp‚âmùGuœ]Ÿù¥„ÂÄïÏ ss×bˆ«3§‹[<³U%¥¿¬íVô¶§H_55ñÕ”k†Ä3)„Ö¡8%žOyZï­”Ì›<ÂêÌr×­™À÷½æžÁâCžmˆŽQ¢•KY¨öÓ%,Ñâà~
,SHA_Buffer:
ätœ#ê‹H`üz½Y0ÜB’¬
,buf hex:
1de4749c23ea8b4860fc7abd593007dc42920fac


START:
33030144
,filebytes:
ÎO]õõöŽY”Ø©Ø•üaºçN¼ïG}òï!)^/©ÝgGEŸ‹ˆog2÷³ƒ6T™Û‡·Ð|x¦¬áod~é7°O³Ò©/}>fù‘È»¼ÖÔ	©á‰ýDŠ+¢y —åRÆ¹•ÜS’kË
,SHA_Buffer:
çu¢
,buf hex:
e775a200bc28fb8b7d6629d2c626e36352fdedef


START:
33554432
,filebytes:
OûA|/1_L“_{Œ±O	ó×ÍqÚüŽ†ÜÞÇåbp
,SHA_Buffer:
çŒæ¦VpQä+¯îU†Íå…Àpã2
,buf hex:
e78ce6a6567051e42bafee5586cde585c070e332


START:
34078720
,filebytes:
dù'ub
íA3Ùb9\øçqx2Wiƒ ²ˆÑWÃé¼vÎïA–cléÍë•õ‰:^<GvðA”Êâ~HÖ©™„iÑÃ¾
7º¶–‚Hi:~½PÇC@…À4@p3P(~ù^:¶T5¢÷-¼™þ3Î=Í%ééLaˆ"cÀ Î(
©ç^&ÆÏ‰BõïÊI9ú¢“#FŽ€ÛxÄà!g-_±je™çÃ|“Š"a1
ÃAG%—àR’LuÑ%¡ÃÃÜÁÑÒ®‡cÍÚt‰'Hº÷ªMÁ(C²ô›Gî7,ô‚‹¼ãh:ª–ûéj9Sçµš±’Û‚¾<óœ³ZÁx„¹Â©ø—ÛßÐ÷¡¢¤o…¡Ôõw…'2aF;H¯=#®X§nÀ}@­pœ?È|ñÛýCz×”ŽµA‡ööú±½øÞ3Dµ~ó]–(Oþ•æütÒªùâTc_\SÂüŒù+^bÕrZ£[­·P
…£ü^äéV¾#®4ýwMŽLrZá*Vâ…m¨dÙ””ã†wñöuÀ&Þ\Æ†¡éž	ÿ«Hªí`\.IÿS\ˆ« m4t8@¼××Qà±„·ÅéÓ;¿<
,SHA_Buffer:
Óyo+röÏ-—f¹ÎhÌS«.Ww¤
,buf hex:
d3796f2b72f6cf2d9766b9ce68cc53ab2e5777a4


START:
34603008
,filebytes:
3qEsW”³ÔÚ¤šoYºÖÔ
ò70YÿÒáXËSJgUd®—sßÊAÑÎV,õ
,SHA_Buffer:
4E‚8Ý‰ÌØ °_/ÂS1—]
,buf hex:
34458238dd1a89ccd8a0b0195f2fc25331975d0e


START:
35127296
,filebytes:
L\f„0&^ýîœ[³ôÓb¶Íûý¶ÝéC¹=ï¥%;¹!f?7$¹oDBS4m(ˆ;vÜ˜øÜÅ¿}÷9x§£…Õˆ¸>S²€‘è¶"‹;
ƒj‘=Øíöv…|Þ"=§ÃƒrƒÜêröø¼Î¢.¨	ã>VW”ÉMÆÇ%†äÑãíî×t[ÈÞãgÛª+¹Œ$mQWRÂW\T|ÞÐ-çÊÂ]î¢ÝÿdZN«Lsk›µh*—Ãw3¼Õn?~Ì¦ÆVËÖÚZfVU•O¯++¯›^W[]\”Ãeó¥k‘X‰¢²"=LI‘dˆŠA0®¢‡àÊöîº`æ+èyû?7ÜXrÙ‹Š­9¹Ä¿5>a(ØáÈùöë¦uÞpÏìû¿`}qi\oÌ‡kåÜ9»~×{—´\ÿ“¶ç=ƒæ­\=d¨_÷·—×ý5Éb™òZÒcÍõÃÍŽ«?Ý“£¹ó&Ó´¿ÞóXï‹iýG {÷\õQÓ/ÊNø§»êÌŒ‹/rin2ß~ÝƒÓró/¸¢ñ–¥ö¦›ÚoÙ5û[§ú—·|:µãÐÇe7ýå“KË?|ý'Ô«ªÞƒÇ?|ÿ7{.nuÝÅù›æë³ëŸ-X}ð¡Ÿ¿¶lý+;^X†ž½zå+ïlÝù›‡þøLÂ{îI~ÕðúÅ¡]eÎ«ß2Ó<aT-\;ù+å¥÷Ê>J{—–À:ºcˆR‚G¤\:¸4]Ç$2ñ¹;dß\:2S±óý¥ñ‡?«ØB%É¡ôl&™KŒÏ.=ößÖ:¿ê°ùokþ¶»`×þ»c¸vÌ0™iæÎç,#õ#µ›ª…{úŽ€gÌ=}ÿ*7-/†Ãˆ£H‚Yin±LS*•SÓÄ5rbŸ£7Í>ãCD+pÉ!Î€ñæ0N%Š”(Æ,H	Î’ËÖ¦Éâ7íÿå×¶õ1§’ïHDžöýoÝÐùÝÊvÛ&o|÷¢çwüÓ=½yeìäß>^s‡ŸÖ7ïþë-3]{ñ‡¹÷ßøéëTo.xõóEçÿÚºjYKsïüŸ?{hè—]÷íÐ³Ãñ÷~{ü_m²ö®—|ø»ùSðÞ°.ó·M3þÅñ<UúÞç#Ë;ª¼”úáB÷jÛŸ¯ŽÝÿùûZõO×mjîJøMÞÚÏG¾nª<ðç—¿ÓW±ÂöÐÅÎ›Š—?³Ètó]_¬ûóï×–ö]“jú¯Ïÿòw+?¸àåØ7Knüüè§w<±öëÞíÖ«ßÝ|è¾Ç§Ý¿ágåOzÓoLÌîÎ».xôª§—=utÁSßë¹!™ÊØ7|SÙ»KIõJ[½.$eA¥Üš{ÙµßTJ¢bQ”Â%E*Ã¡*šÎðëxÊè:¶ú|P$ vîN·Ãr±•½¡n_ÀÀUŠ+çJ¹’¢â%®RÅE¤[Âáî¿¯|þo…æÖÛ<ô~ÃÖiëW™R>yúÐ§/Ü0?»í×>Hn™óõ›;ßlz Ä±±”¿Û¾-ÁrÝ¤ª­n_Æåþ­újÝÓºLsTÇl?rÙÁÉ¯–L¹ôæoÿ§+Íx|Ý—›ÓÿðeË·=›m{åÊj_W¾±ü¡7vU1··çÚ®÷ò~WgÛµéÏóêLSïßÔºÀªùLbüÛÊ-[8ï¥ß-ánþaÃ¯¯ßýUæõŽ½eøNñ¸­Çº§vË­¨±¾3vj~ç=×ö¶ì¢ÆÛ¿Þ[¯ºuøð‚þ“ÔŽô6Å%HÏÕ~üÃìº'ŸŸÞ~ëCý•E}oühÖÅ×Þf§M×>|üèP¯eß~ê{éþçXµXhîìäbðÂ3PÔ)FÊIà-¢òŒ[Xð‘Ã0›8½L)lÔ	AÜEÛùÊtÑî¢+ãu÷­0/œzýç9†ãÓ>QÙ¶-ùìÎÛwÚÿåé9¤x ñ¶Æ‘»h
.þ¹ÁäâÚø’háê¹Ú‘ê‘ÊMóÎ½$†ãŒq-#å°=¢6pu\MD9¬ø1åÛQÍK=ÇR¾Ö_ÿ³ýË$5eü~Ï}ï¿60¿™zØZ½´Gc¸ïµgÖ]½×ôNÜíWôtì]D¿ÚÂÚnø`­ùÐ¢'Z¼#í“tjÓýOö{ùšE}}è™«UÒ—®l8tÄ–ðAë}[?ûòÊ•ï>ûÅußÊ
/‘üþšiS²üûëñÏúo0iÊùŸJn¹ùªUªÀ¶½·wS×ôæëþÐ±l^âöËÙy‡ä©Åß,j\S4§  ~éþ9§.Q>zNe¿êÈ{{“þØrùÆf,¿ã—|ê§êªuïØ™_s¯<ÙïZ¶”JRÅëÞúmüö¿Ì~¢sñîé…_~É¦ƒó~u³ÿ:Ïýç5½ó×_þWòÚŽüon¿1¿TÖ—ÚñòœŒžÉCGÔ/Ÿ|½z÷çßÿé§~zç=¡{[^X—»F=ÛzÅêêªãŸÚ½{Ws×K·VÈ¼%ëüª*nyêK·de¾QýûÿWÌ™ÇC¹~ÜŒ!û¾ÝÈ¾3¼3f¬Q	‘%Ù·¹bŒ%¡&»ÊÌpEÜH4–‹™Ä²†’5”­²§";m–,YJý†î•Ûí.¿?~¿ûÏ|>gž÷yŸw9ç|Ïyžó¼
¯î.v(öÀq&Òò†’Î¯mær_¤f´iúÕàeüé9gÅêÒ	2V%ÇµcÈ.·|ÉÜ¹uy‡æ¹ü6.ÀO”~>Ú'Ñê^“±ç<—XZd{Bl²¼¸}+ØŠ®÷€’yARqNp~éJÀî§‰ç¹Ä•á×|IŽqRu¤¹È6±þ7ÂGZÓfFV@¿æ³-^-S¾¯)ÄG0¹ÏlÍŽN¦‚äuåÌ}JÖ|Þ­ÜÙTPq@»º#¢u;™õüÀê[LpÛ©5ÌT&œûŸ¸dY@ú‹aŠìlwÃˆZzylÕSòæFØV`‹„pu8Õ/-l[ðÿÀö×Ãiÿäð¿åÇe¥gS:)OÙÝœM¯Û™òh­„F~ÜË	Óœ‹¹wz Ç5Ä•9—ï.‹è;+ofbza¡þ]iolEÃíXsæ¡ðÇIƒ¦wÃÕ¢ûkƒSm†f—•†tt×D€BÏ…bBùQÒ˜æÓŠ
,SHA_Buffer:
 @[•Œs#òt*”Û@Ç&)ú0ã
,buf hex:
a0405b958c7323f2742a94db4005c72629fa30e3


START:
35651584
,filebytes:
V[¾Ô&÷/N![Pƒä)¥cv“U.æxÒ1Ý+%º9*~ìä¨õo7Y|œ½¢Qx°¼Á«ßTJ½›¬ÚäR0‹&=»¡Ê‹eæÀÄbf%2Ã,¬í)õuxÆbÚïnù?N˜Å­MbMÇþt–³fßè6B|òV§+ÚÄ[‰Ÿ­ÍVò6‡xN})ÐS­ÿ2£¥ž<—ÑÝ¹AßôæHáï#–¥¥[	!–ÛæÍÒq8ØÜ­á1\r&ª?ØîsíúŒtV³™c’‰7¨®ÒâË,¯ãŠbÇ3k3$OgWØ®pÉÛN˜ê¸¨¸Ý€ A}UÏÔÉ¢2]Ž"ÝæL|Q‘r¦Ãç??7ÿ‹$Q0EªRÎü°¹!Š´¦úüL-d{e²4DtÜ‡ýáÜªRyè³¤3\Ôz–…Í¿¾ ²ƒæMÎŠ_#>è•¿/‚Xèºb?½w‡†È\&]Y÷t¾`úíhº{u×8?
,SHA_Buffer:
ª—üíÐ1Œ917¬¦ZžžN
,buf hex:
aa978d15fcedd031128c390c3137aca65a9e9e4e


START:
36175872
,filebytes:
Ë[qgŽt<k‰É2îý•…¸uÑCµ†5aûÜwe}ç_9¢ÁDkòÆå‹íç¹Óq+¢@|dŠñÓ>’s(Òp³fOÍÙŠ£ï¯	Û]·ßovæáàãÖÉJM8—ruÈjVÜJäZÉ›»¸ãœÔ2Í©ëW¿(wXäÂÉœ˜d3-ªZ¹Äuøë:'ÕýWZÖ.8³D'ƒnWÝCö¹Ç2“&±M;êFVNÎì\¸_3&‘›ì'9³$'•ƒ×Zyœ²9¦²T'5nën‚Z–+0–‚Ú èJ$Ï™ZÏèª¨÷FÑZ%´ö+©@OÉ=gŽÎ­Zï•DKÅ–½¬ûéÎ´ÍÉÚ–•ÒKÑ–@ç=.gíæJm×JÑ¥ºÓ‰¬½ƒfæuuµÎ²µ…Cl§¨æAíHËAÖK‡ŠV6­µJÞ¥œÓ~ç‹V‡V|-€v•Íø„KQ[‹Í:­ä†EÓŒµ«ç‘keÛ´ö«j‹åü…‰kFÛÜÆî…+b‹èÊåc¹gOÇ™Ž£m«ëúë	tôzŸw:ò·6l³I‡¶Gn¾ãÇ‰^ÌxŒã…ÞlÜ^=–zöuœo:´Ê®^P?V¼ö¼¯¼ŸôðXÉ¶†œöð‚ÅÌç=`òºÄ,¡ÜìyÀò’e;È&-Îm™?Ô»sñòfû€È<ó6Hx óŒe³NšÕ]rÞdzÐñ,esOå®ÜHß8´cmÒÐo£¹ïëT,9{˜Ûöƒ’ç›dêö…M. ãç£–»/böT¶*ý±ç\‡ýš[NÃÒQƒgH€,iÑ^'{–µ7lBÙÖ5M¬Ÿ_?x†´çmÂ\&º.¶mi?Tº³wpoz_Æ=Î{nw<lºtLm²ëÆÇìŽ]?S<š{›
,SHA_Buffer:
+*˜,à¹¢¿Ä²Ae>ŒŽóœ2÷N
,buf hex:
2b2a982ce0b9a2bfc4b241653e8c8ef39c32f74e


START:
36700160
,filebytes:
nŒ+û '¹_Su	×à8s3ÞÔúþPOÄw˜}ÇQwB83â£n3O¹a¯Cƒ$ÆÝ|°ƒtÞe‚D)§Ô÷~B6O^\ú'ûFûÂ°+UYlÃDKé~,3s’%.gûuØÚ&Žsu5¤ÀÌó~×c‘•¨vÁÃ…9ê¶q„»´ÇÄ,Ãô0U•yªú÷‚¤ö{Á<çèøh¿n˜Ö«È^;ÿ±þÞ…Ÿ5¼à_¢xœ•†‰"ó¥\n2í–èŽßíe,¶‰R‚6fŒí*
˜0fH¢}è,*§Ì‡È(‡	yh–¸Ç¼P¨»×4ï(g}B”7ô²$}F[ÞþÔ7UûBÊ_­ëÇ‡Î6¾’c’(7|û >Ìû­3oÕÐ|wÖ}0”£‡ƒ½¬`R/‘Xî<þ“§yám©Û‰ñ†Ë“ë¯ŠjFQuÎcþæÂ©œgNÿ^©‰Ñ•Á˜°DI°eòÒ"’Õª«‹À,a³L³Iþ~h¦¶’EÓ²Ÿß¬±ô‘¥CO,
,SHA_Buffer:
&ÿ¨p­¶ãŽC§Ðþí$1§
,buf hex:
26ff1303a870adb6e38e43a7d0fe8ded243119a7


START:
37224448
,filebytes:
DLƒ‰>ÞLLÀxZ„^ÐðÚ§;„1Žiù–ÑœÁ.bxæŒS°^Íè°Û0-”wàhÓôµÃû?úÂbxf‚Ÿ€ð˜]ªãøÀÉ{tÊ3µD‡lþñ•t1òãy€Yo”ÉÚ,éYÃH“ø³>¦£®~t´
IÞ½Ð¶à'Ü§µàÏñÜØÀezùÑU[1:Âw	·<ï†é)±F]`„Ö~Œçã=¡ðÀ^Àò5 Ý	†+é3ˆç:®ïOxîzSÄ5ÃÜÙëÝ€ª@ïæÒó'8˜ÑZ˜KÃ]n<¯YTzÑ-kl@˜L26¾
÷0Áä;â*˜t;äÅˆà1Xz¹ëmr¹ì~^öë÷]¯4ÛåGüõËãûçêxùÀ8¾þx,»`h
,SHA_Buffer:
3‚•Ì©š‰WÇowÁP ñðDÄx¦
,buf hex:
338295cca99a8957c76f77c150a0f1f044c478a6


START:
37748736
,filebytes:
ÇoÜÞÝ°$0&.œÏS÷_2¥³˜–›!VsìòíJXÍU÷Z2ÈªíóÜÍw®²,é´»3©£(.±þd±˜í“Q(žØ¹˜ìœÈü‚èîÆï)_Ð##÷iAä	EÖþÜ&ÈôžãZ›‚ç¬PÏÝ0*S]q‹P5w[­'ØÅ÷U¨•o5=~Ö}Q¡Ö*ôðX/ËuXŸ²ç’ÑDÍV±øÑÀ‹þ|Æy87Úív“k
,SHA_Buffer:
§–qÓ©o¢Îw÷Œ¹Ël
,buf hex:
0fa7961f71d3a96fa2ce77f71f8c19b9cb048f6c


START:
38273024
,filebytes:
H…ýæ6¶¬=¨îìÝd“Ò³ÏéÞ¯î’×Ô}±#z*Øé‹˜Û¨Cíê®÷Ðd–¤s‹HBŽ‘EsÀ=:7§)ãÛ·ÀN_@ºe¶­FVí».M7xíœ÷¢w·—‘f­/:ÛdŽµeÛ¾ðoG~¼i†x×VÁ=ÙàøÚ*¯vÎ}’×Zšbq/ncj†p6ÕaI‚oÊL—¦ÈR>˜.”¹
,SHA_Buffer:
DE4Jåö>‡W{r™ø"«ß—
,buf hex:
44064507344ae5f63e87577b7299f82207abdf97


START:
38797312
,filebytes:
ó€)ß	˜¶ÂôÀ²Ïy„fƒˆ<¥Ê¾ªšííÎ,»,bø³º_‘æ%Óq<­úÕ²$„(QcJü^—~ð„+$ºÁC_¢{+·Ô	ÐÒbè=[ÜõŠ.»es(7é‹A%hÑ:D×vù¯í†:ØFo›ð)ª„FA… ^XøTÁâ{è7ÂÉÔWáØù1O//·‘vb [zU7ówÂfgeðÉžàŽA|Þ¾ç±â[=†$Ýˆ¥xEr÷þ'¨/_ Q†àáá‰~
,SHA_Buffer:
èÑŠhù.—Kñ$Òˆ{3´Â:Œá
,buf hex:
e8d18a68f92e974bf10824d2887b33b4c23a8ce1


START:
39321600
,filebytes:
,afùÒkN&ÑDÅKåÁTûò 5Lõ,U[áêèÏE®¼÷Âé¬Ñ=nnmlŽðÆq„7‚Òù‘­¯ÁÙõ»i´ö«Ž^ÅáŠµBœü=bQf˜¯xV6Ëxh©šS@	ãW·W"‰ÐŒyo!ÕPéDÊ 4vœ³-z\¸=¼íÑé‡¥4ÝŽô­À‹«[ÿ„÷›tšÁ™vSÕíÝëð üflQ'REóÃk]ž,î	n*q–b3_“â…Ìf¹@$.O‚Û{’]ò)ë´„1B+ÕôtòŠBSbEO¨ÑU2œL~ÅWog(lýBþjìÙ]ÆÊpcå”{¯9…ÃlwVl‚µõð³Âb×–Š´ß¨¡#ì¡îjÜ/Ÿ|j‡ÔìÝ@Z	º·Ÿƒ¶ îi†c_Lt`UX‚†#¯À—¸t-ôC>N•/`üëƒm†•ÎNKbv Èè!ËmøÃ[-fÌTk¢ûÕ³Ýyio$2}è´’	®"a‰R~áj"R÷õáö
Ä¤M,_ùanÙHÌ†ÃŒßÿ6kØ;}
«dˆ624-²¦#IaeªÊ¯†â°]¡ä>²’$è¸½¿
FÂ®Sž`VŽ(†£ëä)çC%iZ5L_,ÛàÍã‹ÑWs³8OÈÇ|‚å«ùN€W9
,SHA_Buffer:
È]@¨±1DKF­:ìéi{…
,buf hex:
c85d40a8b19d3103444b46ad3aece9690b7b1685


START:
39845888
,filebytes:
Ë£Æá„‘Ÿdl-)Ísx°Ê
ÂZu
,SHA_Buffer:
”áåŠ‰XWdâ`WD,p©E
,buf hex:
1e94e1e58a8958195764e2605744082c70a9450b


START:
40370176
,filebytes:
#0¯q`=ü^‘3ÙpÀ€Ÿ	^ÀFüLûÅ|HØÚt`àüç^¡Uxw¥f~ðÑÁˆ¨Ð€Ð)h˜P°rÒÁJ<;å€Ì"FÃ&Ê’ßÑ"}ËÓÙöÉ)h'ö¾Š¸õÜ²~X$ÉÍQx7¹÷CVPÍÈÃŒó#š¦ßS ­õ†Ù&e’ˆUXÍ7ÅeAB2 ELÂ~Óh‚ ©í3r)aùjîÍƒ+sÆQ›t*rÉÅ§á"ÊvCF‹.˜øŠ×Ï¹‰GLÜØqUèËxÀ½óí¶,U¶™Q1]D;nî†…ý¥è†/Go1†óô—È¶ÉðY8)›d	b°PzØèG’Í
,SHA_Buffer:
xK°’±ñ¸–*ŒT”ë%ÂE’
,buf hex:
784bb092b1f1b816962a8c5406941deb25c24592


START:
40894464
,filebytes:
U”¿d1$WÔÈbé)nj¤9†¸,šÍ/ˆ·½ABióH¬~YÝ«ã‚iÖ5jU¿@*ö¤4t¢˜;Uí¹-Ÿµ›)ÚT]›€â?çÄ=nÑ€D4\õÍÔ”(„9xM®.#?pzN‚##ÑƒJ=Ïˆ—{—-u±Øë*"È÷›Ï‡ZÌnè—ÅlD›‰Ÿ™¶m¹pMÒ«ÅùN¤Å.,ÒÏ'½ûZ,!Ü|ZI«Gt²ù=“­®´“\Â;WÊß'NG³ò3°l\-ÈßH)÷H­‡Tâu-£þÄÌ¢zÈ·Nk¨©Ÿ¨¦(6o‹^ÌK©=˜åÁæ$‹‡Ñ%þÛÂSã\“òÂˆx²²K9*ƒÝÉ¤Y‘”JAö<AÅCºƒiSa¤Ô‹Ó·û„}37F)Ã‹&)äË Z¹ºé«zœªcÝO›•ì‚ºžX³g8üŒsIiGéÕ&„ŸÂ6ÓÑ;VÈÞîƒ%Òy™|cº’Kf¢zÍ->4Ô}E7<TT¯O l¥7V=‡OOºh¼¾	ç§)OQ9GÈ•Š"œë<XõÈÈß×‚Ü
,SHA_Buffer:
5ZRM‘'Uö-Þ1WíÇcg¯	
,buf hex:
355a524d05912755f62dde3157edc76367af0f09


START:
41418752
,filebytes:
§Ûã/p~
©RK2Œë¾¬<ÅáoE_këéùL¦£­MUÿ¶ß'E&û¤IäçëÄÞÅéËÌ’1»Køí+eåðO ªPiQi£r‰å”ÎS#ÌªíÞT¼Nm@ë›ŒÝ{ÂŒåd¢¾§Izž™t
X
,SHA_Buffer:
Pha}Þè¸)Êº9XF¸VÈüs¢
,buf hex:
501368617ddee8b829caba395846b856c8fc73a2


START:
41943040
,filebytes:
^È§±AfêÐ¶Ÿ!È?"6Ã¯ôò1Ž”G°´§ønKŸ1ïnòÀïÂéÁ¹-œ®¢Çè€Û3œÕÛ’ÛK±}ŠåÝ8™- yW"p´ºÎ3Ï27Á¼·ï)—žýlUzÝo³‘ÍÊË¶´¢/Nê/ñÜE%|,’³äã*›£¼P<ÀpýU]„¨íÙ4hYjÄIØrÑè~.›¡Qlü›ßgøƒfµßùèBFe$|ùKiØÃ{¯a÷S`° 84LÑâV'ÀáäfúýËì‹€4ÐÄ™¦ÕŒÙd´îëÅ0I/´MMÁÑúª‚1qØƒ"ÖÜ*)tß¯”Ìj#g#ñkç	
,SHA_Buffer:
˜ö¶#ËŒ²ãèc™ã
,buf hex:
98f6b62315cb8cb2e3e86399e300de4ef6184493


START:
42467328
,filebytes:
bŽ_†O2‡‰÷_¨t÷–Ûï¿Ý®`}±*ƒO„´Æ­Za2–oéêrã£	Æ”"§
¿}^H3¶E˜a˜‡e–¶>GiuùÃt¢Ç’±å+c*;OÂJ[žàuÕ4„™EQ@8Ì?ïÿNî¤¯RY‘»³æŠôe.»{WÜŠ‘šíÏ>ñ’7¯ü>kröÃ÷üeN–-º6Ò„,“±—˜Ç[ò8¼Õ#mŽ’>ÙtÎ9ØYrÝ¡ÕJ"–Z—£ùð;˜‘Z,qºEÙ“º½¹)–QÃ×*5\'_fÄG×_ŸÆùËPhŸøQ¢¤]ŒÎ½üKæ‘ß×Ù55qšÏNø9Ü]„ßÐ¯žìšb‰Þc—ád± æÀB œ+!”ú†Ý¼‡2~n–×P<dÏ°d(á~U?
,SHA_Buffer:
ëœ ë²é“™fÍç˜Ä‰âž,
,buf hex:
eb9c08a0ebb2e9939966cde798c4899de29e2c05


START:
42991616
,filebytes:
ä–™ÄE½ê_9­H,Hå•Þv%WîÒPi. Y¯Pt%ñžZvÏ'1˜\±:n²8z;ŒMbY&™¦=y'iîàP5ÿ1eÊÿiª8kÊItök”Ö´ì-Æt^ÍÜâ…ß„ùZÆùµo‚üV;cv&?ßnn€jÌÌ§§á^}ÔlŽ¼èg[´éà	/Šé9ƒcG:ÊÑ«“RÆÕžÂEwõn
,SHA_Buffer:
Þ²£©¾®ò®Ãë¾Þ&ú;ëE
,buf hex:
deb2a38da9beae04f2aec3ebbede26fa3beb4513


START:
43515904
,filebytes:
¯“o²\i‚S8õtú=™Ž=pŒCJÕpaìÔN„é#^ÃÜÒÃ¶Üñ]e=`LIÖ÷RèÕnÑâp³ù0Ï´•Ï(Ìaà…ô½:T
,SHA_Buffer:
!ý¾ÛxÕ‡ÿ^Gp>u¼©ŸE
,buf hex:
211e1efdbedb78d51087ff5e47703e75bca99f45


START:
44040192
,filebytes:
%´‹?h„Gaã]ë2qMéÖv§´œì?Pin¥öÂölê…É´Í(–ò´[^Û€I’<Â™jÇ‰UüßýJr$ëšxY±í	]Šëæ&ìP0W6ýVÀ
òŒ+YÙú’9çPrSh*°fãõ•`V[>·ÙÞ²éÁg-‘bMµ*’kÌëé¬íl}t,ÍøÈÄuÙº-müÊ4öÐi…¾”ÄFõÒ‘‘@›ÓKEâ¢Ñ°çâÿ[LPnêÛVFäY#œ®g?U½¹,«¨yêªÄÇ×Ð­pÜ1g•½â¢›~®ß”³e×—0“rzäÉ˜)r5jº
J£¶kªVs#„1VæÒ­îæì*(Ødm•Ó–Þ+À‰d•D(¬¾µ8	ÈwÙ°¹­Æ`aÚlwöFi0±±d£<©±¿ÚJP¤øh9‰ù’m»yñÀï®öÄ±PËrFTÄSãiæ÷E~#=ÔgêøŠp³ePo$ªS{šv/ÙBêá8/yT©ì“¬‘$™G`µƒ±eÔÏøÛ!’´òFÔÒú`…
°ê Þßbù$ecbâûuÂo¢“a‚ºÞ“ïÏœÉÃƒÆ±Â
,SHA_Buffer:
ÐËºÔu5R\°N@
 ÌþA
,buf hex:
d0cbbad4750d3511525cb04e400a20cc18fe410f


START:
44564480
,filebytes:
˜L+{®ˆ®Ç{uÏçTšÖ¦1¸ä|%	†M¶’§g1÷pÄ®ãÒ²¶(+”~oî	\—¼ fA[Z!9/ÞAl ¹ás'ãwà»§‰Å¨}~×@CËû{BdÛ=5)ëŽÝÜA>y¤¿ì}s.[A¸w1_ÍÛ°ôuzü­‡2È™$*â7Ï®bSJyýÈûÅœ\‡hx¶øÑ•Ø[¬+ÐaHbAOQ‰ ôîàvAØg…å*Qp#Ä‘Ùfí;t±÷Æˆ¥—†o•ÉA+5PŸédš…œ3}|Œ*MŒÉ!O£©8J
Ò†‹qöuG!µaM«¬ÌZ5t?ðhÕ²ó:›jÐ*òš˜„ÏU‚] ÓE\täAÕ¾Tƒúï“;T¶s_É¾YÖ±YTqÍ~KöVŸ'Ñ^¯ÕªÈ&Û_ÌÂ»#®©ê&Rêú	½ˆª9OÏ3;íážp—~¾îà%¦érÑ’ÿ†íY“‡#îyž&2#¢y'Ýßxù|¾p7ÉŸ.~žI½§Â&Å¤Ô[F¿¸%\â²7%·vaÙC~2+±)¢)¤© |‰à¾5¡…™ñQf¼ BÂ‚áz4c»½qö„mkÈ%2¼|'b‡„4Ï3\JC*vœ¦blœµ~#î=æß¥81í¦T’¸»Y(bmÂýŠÕ”¥ÓTe®©¡øGqqž
ç´}!ü¹Zµ­Àøo¢ÉTáÇ/`NÈ'X™\‰Èc±TfwBÅaŒð’mô°®ªò±ÇmÞ!çðPÓ¸NNºä{\ˆZuÏ™PtX[H%‹o=¯ìºÈ«œkúÇxxt­ª›×Z¦5ËÎ­
›LÖMî¿´Ç)÷ÌGél&g÷´C“®[“™¾RO‡x´×‹¸ÄÍ“m‘è'e]Í¡KLMÁ‰Æ»dÐ—½ÒaÑzÄ½aŒ”âV²ÏTó¬9çòñ¬YîpÏaäAØ¸,4ö¸o‘¹ÿ–Ÿ}bÿmÝ6
,SHA_Buffer:
 ô5ê§-¼‘Žš@Ýn‚ä5¢«.
,buf hex:
20f435eaa72dbc918e9a40dd6e8202e435a2ab2e


START:
45088768
,filebytes:
Œ~ê*èî¿—Oº^(¨™ÃgôË,HN¼¦VH(â£¯ï‡ ù
²öƒ®7ë?Y¶™ëíúï ãÜ×+£³ô6|=üu²	ïG
éMÔ0(¯ví¹ÅlX2Ð[|º¡£Ò1Ùrtwîª v„^€äÍKªLMó‘èGŽ^¾»=Exå`øªò’Ô÷ðo°ŽfÇP0T-¡(
 VÙ„È*?T‡Þã¾Zìþ
idô†gfµCi!Äôe@¸÷hL„µy%«Á~nr¹}hSu€ò×_ñj¦<­û "e•Qš$È]Õ6í•ªVÑu £”%6¤¡çEr[Ÿ(º=Ø(sksà@çnr Á:¸È‰!óÉ±THVRý	§åø²œð}¯‡g_UÓ:íóÐcCž£a«¦Ïæ»hWðš{/<æ.l3°ßÜ¡e·gø¨›R*b¡°1Èæ&èÃpàÆŠ”ÞÖcøC ÁbÚ‚Úbç|‰ÙÄÿÐu?
ý«ÝGaÛ.7%z¢¿3“†K.Ò•'ÇÁÃÁÉÏ\{±2û›kÇÁê–ÉÚžÏBuþ!Ä]³£ÔñÕH"Œ'õôl±3ýe´õØúÂ,jNi9ÓÀ=Øf›ÛÅÝÙ†<¶2½—vŠb-Ñå–—Ác4‰û‚Å±þ{vUz%±{¸€Ðº÷ÄKb13T¤É¦zÚÊ€¿Ø4ŸxHKÆÐ~†è“÷Ca“ËŽ»]1Œ~ƒ8Q“Ç©.±ø
,SHA_Buffer:
K-AGâ óî2IÄ”WŸš#p¿
,buf hex:
4b2d41470fe220f3ee3249c494579f9a231d70bf


START:
45613056
,filebytes:
æ(PsûH¯À:";Ñ»hS.Qb8Vc²õeÆOÉÈf:6(-Qmì&ºÚ`bõz3J¯À '÷ê0}.©¾ÍUšv)»üñ77†dË’•ÔÍXœòì²8¦¿"bEGEG…uR¨ÆÐ¡á‡"F}É0SËÖHikFQ}¨£wüþ(ÝòƒÊ¿àG@ÞÒÏ¢õëýfþ.hÝx¨,ÂŽ6¼ŒÞù"ÁAßGCpŒí¯1±%XúÀjßP”vç¯W|'®_Ñ‹Suµ£/kkVÖuÍšë•KÈ
,SHA_Buffer:
›
,buf hex:
9b1a00fb8725fe973c79f451ce9281f9cbd06fc8


START:
46137344
,filebytes:
D£ ´©æÊÉaê]X!ˆ‰ÍÔ8ç¦™›mÈ„¯Ü%à
}	½Ãñ%ïÆ·mz®¬6æB/Ñ1ˆ¨Â›—mT	
,SHA_Buffer:
7ß•šVž¼˜Ñ{D½Jêà1/Ì
,buf hex:
37df959a569ebc98d17b44bd4aeae08d312f1bcc


START:
46661632
,filebytes:
…zÂ–Œj·³…Ì‹nŠ<(fäã¹®gÅš¶“,2[ÌÛ¦vÄ‹ò€oLûWIð²Þo´^\ˆ7ZºˆËoó©ÈÎOzŠÖJñ¹	kcØ9•‚¿
ÇiÇ¡â¾nÓt«»ýM-ìàžkˆÐ¨HÏ…àŸÊ¾†]pA`Ààó^A¡Fmþ+LªIHî®ó´uR¬qúŠˆ=$rWözŽ‘$m=´öÌ[d20ç¦xÎ3^§ðß_ŸUÓn,î¦F{"€Häåãrp[œkø…¬CªßG¬,žQ),…¿Ö0È(éŒ·ùcáªýžñîdØ#”<\¯Ì3‚¼úd×aïþ¤Ú’k3YÝŸô§¸xß~q¼>3×§LV·„¼Ss¢kvöw/5¢–5;¼²r¿.xÀ8üë ñŸ†£½¾šýŽ;†GG	†OÄ€ß\×–Í·žE|Ÿ‘÷)È#å#ùÕBÍ®™õ ³'Ýmì#ùuõ¯ð\2IñÈ¸­ÄîåH
,SHA_Buffer:
Ä/š¨â`—ßÃÞ©°–¡K5»?
,buf hex:
c42f9aa8e26097dfc3dea9b096a14b351d05bb3f


START:
47185920
,filebytes:
({SHˆdo>Ì‘J"þ™Û¾šÎîpñ=!ÿ­Ñ/œètg{Ç˜µ#’²¨¨¦S07Fßù™eÄëÊ:múæÐlR*.¥f9‰ëë$&=³¶¤.Õ$Ï/ŸáØâÏ—||áC[³èXÖ"c
ÚÕ­]‚çJ©W6‰Z-WKl3õ5õðM†šh–EÂ‚_yü ÈtÈÎ'S"\·£éj¤FÒ†åim%ÇíTxŸe…Ñù)G|SZÉ)›S¡¹4º‡uŒ:ÁP`Š/1ö ’R¼†–Z[;i>‹K}ça4@[û‚ÉTþç@ÉúLÉö(N¡Í²íáXÙsFTìÎh»îêØ[~½6ÍõÛö.±=”û k¤ì˜§ý¸$7]&M…‘Ë‹Ö¬üa=A»q£ßCÒwâóØ•p}4Ö*Nö„5¶¶\(­˜i¸ýºBˆõËKÃºÍ°ÉhLìË•Ð3µ¯Ô,æÒ¬ÃŸ–~ho‰Bð´þÔ ’¯¯€´$¤…û@‘×þ;ŸzõAÓ¡Ñ”£¸8¦ÅÔééx 5´w„¨‚08…aÄð`2¬¶ÐÕô?Ù^C®Z®$Ð?%•Sè¾f‡6Éöä:B­Ó5!0¶ˆKÈÒ´¶ðPÉ«§%a¯Î9Äo.d >+kÈ…WýV¶Zãô“¢cL}wo
,SHA_Buffer:
Å›ÒzKË{j%ÞÏdZŽòöû
,buf hex:
c59bd29d0b7a4bcb7b6a25decf8f645a8ef2f6fb


START:
47710208
,filebytes:
G”ûi*#S-ù;Ãh!ºø:›šË3£­
,SHA_Buffer:
õê;N@±ª0õ\ï=ÀµàØÑ«
,buf hex:
f5ea3b4e40b1aa30f55cef3dc0b5e006d804d1ab


START:
48234496
,filebytes:
ìØX[ýúæ½IóÇŽxópe¯óý»Im‡1v2¹còŸÖx®©Ä`¼E†Ýð9­¼ñÉ_	½ƒq;¬>˜†8KÒTÏ2ê6.ãg¿>Q¬GùED,~"ûb¦$ÜœËÝlõBúó:$‚„¥dD!ÙæØï†RSg\ÌVucð¾_]·ì“Ù©Þ­4Æ²Ðd‹ó‰-ú¥¯aä¹…öýàËG‰^o@°X“L½hG¼àãG„z
,SHA_Buffer:
»}uZ_vÅ{Nò€ÇXÊÀ[ûéi
,buf hex:
bb7d755a5f76c57b4e8ff280c758cac05bfbe969


START:
48758784
,filebytes:
¡ßÓLÕgòác×‡*"n›"Õp ³(ËŠ¢~	–"Äv$ëËûbÔèap–¢Ûíaª—ß¯%ŸbÁŸH¦†V#W8£W¸vÁ˜òeK%Ý¯%’4nüÈWAn¹º±mnB¬¨˜
‡ÚJVö,,-¤
-˜g1óGmåå©+Œ•Àþ[ñ3é:+Ÿ“¸ŒbÆœ¬¼ì¹['ã3Fò;ñ³"ñ=µ	ÙÌz.1Lcå½âKÎÒþWÆÁ¡²_•Ø::kî4¿.6ƒ¹àŸÇÕNœT5ð½Ì:0Ã2u{PscRë!6šLØçÜÈ›v<esTh‹,WµÅ¹Ño†ªê_b”°~ÿ«ž@ôM~®½®Ž„«eÛH-v†¢U_›Ü ¯1òˆ¡Ñã‡Åõoöz´[b^¾u¬
ð&v®¨a{}¢©iÐ“ýÞéýÀ†ýÈobNÌeríÉ±0ü6„ÅgDV|¡Ôáümœ,Ó™	ŽšJV»«ƒË]@¤p¯Ymžæÿò¼‘¦•©#B{=°­ˆæ&ä” &^ƒU3'ru0z£úÏ2[.øç3ãgýh®dD’˜¢½¸d&&¡CÖ~Ôºµøë
,SHA_Buffer:
ð2ŽBÏx™ã#—!4÷ç,œU
,buf hex:
19f0328e42cf7899e323972134f7e70e172c9c55


START:
49283072
,filebytes:
=£à‡þœîÐ(×–>¿`Î¤_ÑËíÖc ÿ2Š·©¤ud2
zj¡¿¡s2ÆRÆwñêö„g§ZËóáÜŸ°ôZ˜·ÀOÎ$dïÔÿÁ	„t·”–™£2nT`'Â3µþøá=cAÜqú~È(@V¤šyFaIz‡cÑ7÷¾+Fî(Æx{í—árã"ïÆŽäû‹ü®Ñ,ùåA0´ìœÖg²³—*Ù¹@²•!_S½%|šSïv+ûðNk
È‹è hÿJSÀìŸÐŠì\÷
ð;F]'mB¨¸pšÇ3¸o_óØï¹¼rºŠƒ¯®«/Rú&ZùË:0GÜm]ùö™ßêWw
ù[Î^R$­ÊJì}Ë­¬x¢Aly¥º¦¹ù½Í…AÊÕ:6U¬]—¹ø8\«dÖÁŒõbÆ¡†ä§HáÉ§†Åó5…±Ïçê’‰Óö©_õ+§Í™žŒ¯tº¯;á°6é;ã\NŽ)„I ´ZË›ŸVF8-EN·/³
J/þ¸("ÆÆ†Â<–-kRòÍOé]g§¶ãÜœsDt4¸­Mu¯@ìûW :D<h¹ÙØHñVŠÅøaòÈ.[énòhzÌ£?—×Äkƒ›L½–Õ…ÄïçJs4iî&ª<šï¼¦dÝ@²Ü‚é~f[’£IüÛêÃ@N~Ûoïì$ñ
ôP|?.¼Ú4€n\ïo0lK’|Ãä×PzBŽ½»ÙÅ
,SHA_Buffer:
åÌ¤YÀÌ×…ñ¥óG-0ç©V
,buf hex:
e5cca45911c0ccd785f1a5f3472d908d30e7a956


START:
49807360
,filebytes:
dDkOW˜©ìÍÖd
,SHA_Buffer:
#p½ã¼Tj=Ü÷:YzÇTÜ
,buf hex:
2370bde3bc0454156a3ddcf7113a10597ac754dc


START:
50331648
,filebytes:
ÌïHÁÜ!i7©ÅØR,/ih‹A'z°HÔÁIàVH¾k¶¸Æ¹-k(lïm ^ßiÛô¾	ãOÈós—ÔÑeÌd+_7	éÄõ’iCÍÃïDÅ?1E>,ð&÷9¢@³?‚él×8{R“²Š)iÀ="%!´¥ÝìÅ< Iùž¡×
†5ì#WQëáñé$‡è„A5˜¦1ŠˆƒMA„ÿFÅ Õdf€¡–QH¡²Î_yÛ-¤Çšù’û6oá“¥;Û5©´–¥	âdšÈ_•¢ÀVùº§À-E½à€\¨?û
,SHA_Buffer:
ÊMºÞ;ké2Î‰ã»´úÕp¹þ
,buf hex:
ca0f4dbade3b6be932ce89e3bbb4fad59d70b9fe


START:
50855936
,filebytes:
T>vÛÊjþ]À†,«&7³,Ø 3¶‘â®e}€ôÂºIr›ÊKž}év¸]ö¨±BIzÖhf_í³elµ«C¥Ä1ÑÈ„û-Â™g¥ƒ¥Þ[@•j·¤¹%°Úœ•Ün‡:ŠëÖb1"r´7P6ëÇƒ‡/ÝËëüÕ®¨×¹­Ôö¨jˆÎRÆ–pçÛw,©åZ^ÚiÅ~¹OhyNà³Íq¹Á=KnÂ,oåZá–ŠÓ$NR]C\K‹øSî´©— a{d#¹K+6ÑùÙ(§¨Sb´–÷Üfulº‚Ç¹>_ñ¹`8aÞX*axpçº¢f\a&Ø‘¨
,SHA_Buffer:
,“¯y¨ç%¯ÇY,§3Î¾ÂÝ”
,buf hex:
2c93af79a8e7251dafc706592ca733cebec2dd94


START:
51380224
,filebytes:
=žxŸÌP2¬†Eç72®cK`¹-´ÑçùŠ¥›Àß¶žp¨º€ =au Ò<$1ì{K•Mq*=¨ »É=‘'Â€QkÊŽÂ‹1Ã8?M{fÊ¾{°Ís¤³¬0Ï®ùªÊ‘ë÷Ds”¡-’+ØÞkÑú—Ð|’vÁäd®ÀÉ†~Oë­ÜZ„Ž2´˜$)àÌV&†ÔÔÄ.ÀOº½ü–™t…—öíQÏû<HO5®ÜZøúüùoõ+´ˆhKªþÈüãï4Ý"HS_Xé£ò
ihêdŸvH.„JÏý‰Þ*–2KÔÔì:P^Gr¨oVû^Uþ''ØØÎšl"Ø-ô¨l‰°k°‘™2[¡ÑØÁÔgèÖ•B
,SHA_Buffer:
rkªåžEÙj€½D²ÿïZù
,buf hex:
726baae59e4517d96a03800ebd44b2ffef5af97f


START:
51904512
,filebytes:
¤ã!…î)­Wò¶¯ž69y¡’É¯«œØ­£sø˜³¼sÀ~nê4]ÿ—¶ð:ob5M¶Nÿ(Ó¢4á3Ï­¦¢s×óÚoàÎ¶™%=‘jjù„÷q[ÅÈöR;}sléÐ¹dõêy»l†ÒÀµÏ…‘ZD©HTUsü
,SHA_Buffer:
0ðåmÛ¸.nO÷aHãÍÜãÝ·†
,buf hex:
30f0e56d0bdbb82e6e4ff76148e3cddce3ddb786


START:
52428800
,filebytes:
Å¾Ëu)ŽŽDŠ[u±ìU»$W±ð2®ž)l=µvÄÜÉ·®Z<©äRÃb+±8í}I¿J¼l¯Š‹ùÔ!I=Ÿ5ûQ[·ÍO§ß@S3êµÇ
,SHA_Buffer:
H©>ãcCÆÕà³{§Yô¥¶°
,buf hex:
48a93ee363438dc6d5e0b37ba71a591cf4a5b6b0


START:
52953088
,filebytes:
(þàó(¾[#./E
Â€	ŽMÚ%qg\CÚm›Á À¡¸-+Jànû9){åÒg#´?ýÆUÎ&àÁnÚËt…z.¤ÒvÖEíCüN~ˆP¿¯MgY·¼<³«/5Ñt,Ï-^sUÄkûw¾zMSÐŽy‹”»Bf³a_ï–†¾ÒÓÿa®Ø×LÿfEk.Hÿ&§¥|Á6À+Ö^µ
ôHöÏ—½¸­fõYW¦^Úôù1Î¾iº¨
!ò5ÂÇOÐåZÕqFã¡4öÞŠ“|Ò¬Ò~ùhp†þK_é‚Êxµßä5÷ü¹JÝGäR/6ÆN€âK?³aó‹ÑÊÍR~R€ü{ ¼=O7<!É®Û+ûœš‘eöŒ]rIþ[çUejh^a¶ûûJö…çäÍ0ÿÛKÚ×/É
,SHA_Buffer:
CàÜ÷•Ïbü=qY\£ígH·%
,buf hex:
43101de0dcf795cf62fc3d71595ca3ed6748b725


START:
53477376
,filebytes:
\@bn6k-Î…Cªè.¬”´tú™©p¤Yà¿ù~Ð›Øøð]VÛÞ8“ž¢ôE±Â¹ueP»2Æ«½ƒ²åAï”õê3<iK+ÞÝìÎ&"¸i„*#§/J(®3äû:Ã‘-Q>Ê¤>–Íœ°¤[eÞº•e(¸žD“u3­£²ÐzˆÝæÃoëÕ7ºÙï­Va¿0³5ºawÔop×Ñ^Á~õ”§Ë9”f:­nÈN’t*B2e>Bº2.ä(ZMÙ'¢šeëp41Ùõé>.!.._eÜÔÚ—Øî¦,‘D–d
)²wü7ÖsÖó9Àzf¥ùLõÃ‹¨íàÃ"ãƒ€ ­¡K78S)w™?Œüq¨IÓe¥$@{
ÚÀÅ™,tª¨n{´S	ÿÁÚBe5$TÙ¦év4Ôa§maïj£iHíW@pÍwiù=Iyª~öÖnè
´îdQ>\/ÿ±YYº’kë1îNæž±VßÈ­Ôt”êx% m``{±}úp°ÊdFGK¸¿Td*˜Ú67ƒ¹ûðlL=‘LíâÓ‹‘u^Êó‹4,á¯„hËûò2ÛÂº–¢IeföÛI
,SHA_Buffer:
ÇÕ8ÉmY±ÃÆûð½hÙf_
,buf hex:
c7d538c90e6d08599db1c3c6fbf0bd1a68d9665f


START:
54001664
,filebytes:
³¥ÍÄq‡ˆB#%Iõû§é]\sÍaqZÛ£‚ÿ
,SHA_Buffer:
<ÝÅŽ±·ŽÈëC¹fè7TP=â
,buf hex:
3c1cddc58eb1b78ec8eb43b96608e83754503de2


START:
54525952
,filebytes:
àóáO<CÀüñèehUH5\}³s5´Ð|;½†Ù#ƒæN³e†âU5Û‘ã}éMnªÃ¥3ÁLuéÒíý‘’0–Fñ¶Û0»$á5ôao}ÇxÊ«WÞ-#=ŠFæ.ÐxJÉ^z»QJðY4OvÆªÌx)s¶8_Å2s»öÓ£äE*35:ÑÊðü hÜU¨Ãð›Í!zœ#¢‹äè=($³ïû?`ìU<Hy¢¤ÞE«“oå‹”ñÄLm!CÕœð'KB>ñVyRX:¾èÝ¼8'ç
,SHA_Buffer:
¢‹tÑÒ°’1‰2ñÐÒ{&pZ
,buf hex:
a2818b741fd1d2b092318932f1d0d27b2670085a


START:
55050240
,filebytes:
}]å3ïiô·>Àv¸Eìïì{ó&ä—ý¦ßÁõ¤½Ê…·Óö®Iè4…óõ+‘Þ.&@,¶ÿeétŠüSæšpÒ¾¬å~OFj8ñRÙ¸›šCh£š<µˆû
%I©Äù—?¸¯BI]¯{™áÁÕÇfŠAnÝ·áÁÖ¡(|ú:¿‰¸2TÆÉWC#¶
,SHA_Buffer:
3j‹Íx$guŸRóiÓ$£µ
,buf hex:
336a8b1fcd78246775019f52f3691bd324a306b5


START:
55574528
,filebytes:
™û]¿¡ü£=éy™tbhjŸø‚F<Eq¶³“zé EµÛ'–…Q‹ÕêŠÎàHhÑ*iHßqÇðë2è"TefC•âlaå‡3Ÿ¡ôÝÜÍ]1ÁØ%©Æòè¨·ƒ£Á]s04vb2ôJ“Tùˆ,§KºÃÇÕ‹ñÚšØ‡˜¬1B„<•ÂrRÃÐ®š[È—ÝT0Üv@#ŽÚë®õý``±ñ€OÔ†É:°j‰Hg÷½ÙÉÇRxJÀÁù°ð9iô»öµ2‚½ÊÜ…dIéqa’Dò­6ãfïç‡„ÎSn!ä¸ê·ÁcÍÉãÝÐ¥^NÝ¡Bzi· sGšCÚžT	ÜÞ4ÄwC„ø÷Îv¼öªÁåÛ\ôšæ/(\o!7îÒ·4Õ|ÎYA)WÇò¥Bä‚â‘ø¹ù{–.Z6J>ŸŠ9ñy–Š¤~èÖXt¡˜†S¤Úoc½ÿŠÐ
F=\èXUJ°×&›`Æ-äuL°y›1„mý²Ù¸¤Þ—®¸"^ì÷]1wµ!ð”—vg+BGoj7%S"øÅó˜ˆJÍO.m4qœ‚êÄ-¾6¤µ÷k/Yî“¶P	Š)$zÐ¾?Àºv½qgwl@°iZ[	õ6þqx(·Ï¯-«#C€¡x?Ô]”¼¦`¾” Õí¼´©íÕojËºknr%µ|Sqþ½ïê#ÞO´`1gÀI
t…Œeù[Z(ù¯ŠVÁOjñÊ­éæ7ÚßBêo!%.Ácå|l[d…VqËK%—Ê”˜'t…évµg1c°Š±rË„}ÅË½‰¬|Š¸òëmê.‘x(MÀx³»ßë*eßB:UÏ 
,SHA_Buffer:
½èO 2û¯À
,buf hex:
bde84f1b2032fbafc000aee868f3f0bd7d05681d


START:
56098816
,filebytes:
Hþ­‡û‚^ÁfÇj(õÐ·uÀ_ÿó+©UþüˆéÕÅôgSæ_žCÙÒÃCÝŒGÑA$i@-›øüÉÕ«…ÙæÞ©ðXÇxöpÌ^Ï^â³pc¯+¤ÚW ý»7«ÅÉ‡æz‰5ó†7ïì“ü~hB%/›(o»½ÔºßãÓyïGgâ‹‰·¸ü'Pó·L	A¬SÆÌÊu©ÆE©á•PžŒçb}öì.9ˆw\‘#…·ž#+Ëpíêù¿Ín™êç*—D{zÉ5ƒ‰T½Z\`J¼þ~“ØLÌ¨þƒ]Wšq'Ê*ð
,SHA_Buffer:
Y¬%é
,buf hex:
59ac259de90062659f6076940da04898be0dac21


START:
56623104
,filebytes:
Pz¿¨ü´hoÔÑiÈïßV †–ø°ps¯nÏû ïwëMŒñ˜—àFN†DJÂjB¦ƒ¢©`Mè{Ýé¥˜ÎÙa^Î-ÍM9ñ“¼2ý”ì8EÅB¥/Î;pø®žØòòˆ;ôÑÌd
ò¸˜fžâNþT ;¿¦÷š8ánÇýZ}/y>õ;|’}›]}‹çÖç™!y¡…È½_ûYÃŠ?·|÷¥×ÊÖø®Dú~&œ$9S*@P.ÍeñiZzºu~$ýEá(IÞ´3ûÇSªó½U(Ãµáùª­mìr)Qm£>÷œëëhÃÑv w­.ÄÉêü´à„&1&ÒXÇmÂG9ÃeªI ~ò¶µòògW´âÇ‡0¬o'’|vVùÒNNØø¹­Œ0CTáçSXÓïV8Ó@ø‹¶(£ïÂÂ·¡Åey7bFïc+&÷¾ŒÈs}o7üŒ÷7öñe©*S¥KDkö¹mÌÀ¯§Ï§¢GZî"_gùËzØ­ß
,SHA_Buffer:
Ë»hÖ_U4§ìó¿ÍÉ‘UJüÄM
,buf hex:
cbbb68d65f5534a712ecf3bfcdc991554afcc44d


START:
57147392
,filebytes:
Õß0^×¢¡O©åÇ:nÚ2I€t€\íæLZ³}xq¾ž®þ¾»†[”•3#mÃ±“±ñ&åjHù,¯…½ë·œpÆ·ù4ÿ/¬ÌýmX%K½YøCEë:Ú4cÔ¥ÊL?Mv3_+z³zRô4m%@,"zC+^M™|›€Õól]ø¤´±[€ØG¯5a
yo¨§yíÄ÷¥Gãd¾U(¡üì3‚ñ_ðd2Lžžfþš¢nâ,sÛ¤¿”»Ûmi6öÔ¢–&Iü,¬ö¡L’£8r–‚×n›=„þOËË{dŸ‘gú<Ý"4p¡·[Y±j	'nhL)ƒ¶t´˜l÷.>fk€E½£3l€½k¬ó0ÜW©eÄöÙ<9T·*´8Ì†™‘ºØþÞáãPÊÁµw3$‚ÉëœN^YqŽOVY¤2A×Û,ü$+®øGeí29-zù½û®ç`a‡™Û¯ÏÐ‚0íâj5Ô‡K³ZÐû¯m5	”—c>(ª‰Oß¼‰ÃQ(uIIäZù¹áçÚC„@7­ÞÏ«oRÜãò(?œ>>àMMé+_sZy3Œ”6‡¹n‘Â’:ðñv×<`Ýœô$D1dBÅ%-½o®)(drt>ðÜS_}u]1íVóGqÒú8ŠÓœ¿ ?Á(dâ0!«–\‹}	¡ˆÃË¤	Ž‰ñB“ÿsF‡y#úh÷ÐË9Ì›W‡¶›x7æÏ
,SHA_Buffer:
~Uóìú®»¬Í¥+:Q:Ï—>{Ç
,buf hex:
7e55f3ecfaaebbaccda52b3a51133acf973e7bc7


START:
57671680
,filebytes:
[:ês[àzÍ]u•tÇ,íÒ©öÚì¿ ü©»%«N2žZÛD:øh}¥Ìd·Ïdx%3[GÈ/ôV‡J>2‚(PÛybô¡_DqýœþÊµÏu)8ÂÊgá,Òì\´ÍÊ$‹WCðóóÇA
µ$hÆØ#þqW‚GÂ¤9ýÐ1[=Ž%‹-‘ÝñpyÐ Eô>AYé‰­VÎ_ØSÓúˆòP®ÉÏÔŽ¸M™ïè.sþðºˆ& ?øHÄ`ÎdK¸‡$EfØSX%4íÇs_Ðt~j:súŽÈú”|ÃÕƒÜx°¼Å[BÓ6±îjº¿ÞLHsùdÊYù.¾—±jTsìåŸî‚x]¡NÖÃ[³dÀßm„8Þ•¾1	{Ô
,SHA_Buffer:
q¯žlË‚E{ZÛµ¨6ÏÔ
,buf hex:
13040c71af9e6ccb82457b5a9ddbb5a836cf0ed4


START:
58195968
,filebytes:
š}RÓþ7‡
,SHA_Buffer:
Ûs!IH¾S$1 1H,ßwç‘
,buf hex:
db73214948be5324810631a031482cdf770fe791


START:
58720256
,filebytes:
~ÉUI4ãÑØgŠ·ï8ÐéØ7FG>½0:ÏƒWï
,SHA_Buffer:
Ó‹¿Z¤Â¢ÌÍ ðU Û·2‘9ï
,buf hex:
d38bbf165aa4c2a2cccda0f055a0dbb7329139ef


START:
59244544
,filebytes:
ìõ€?Gþ;imI@ÌŒqÕ¥oYÏÐÂì¹+%®ÔD™±ïohåHÍöy¨á
,SHA_Buffer:
‡ã@±qW“ç­ÏìI‘ý°öôâ
,buf hex:
87e34013b1715793e7adcfec4991fdb0f602f4e2


START:
59768832
,filebytes:
“ÂÔ…[X®0µ¥¸ŒB;†ƒú×[™Õe1oÂ@}/†OÌò²Èˆá8ý$†âÕÅ)JtÄ¦P2á©ý3†…5‘)8§ý/¼åòã<åzãåBã°§/žåJãâ§®†¯È
,SHA_Buffer:
Ãw/€ÀšLl¢‡öØÄøãŸ
,buf hex:
c3772f801ac09a4c1f6c7fa287f6d8c4f8e31b9f


START:
60293120
,filebytes:
÷MŽw¹É/Í"vsÝmîùWº²@nhå†¡˜ÃRÒ¦ÔÎ2­y—ð‹ájÉ;u$©é
rí©ØÔfYõcu§)>!øÈÖƒ{þðzÊPµø£Šq!Ú<6H¶
£ˆ‚/Å\»O„Ý~,Ää+3]Góu‰Ÿiò*¼`xšŽ¿
ÚYèžIÇ3Ô²ÿøQÄC‹õ\å¦­2=I³Cº)ŒKujJnC4Bdúæ1]Á# Ç¾µ–+Pš	Kt¦p” VÊ»šÉBŸŽ
oûÓßºŠhf ¼éµ¤^`c1Z+úZ4€p•Yu»‚¥L¾¼ÂÍÛ§vi9ÝE~…Ÿe&½.}ŽÍK¬ø„jà_QU5g{êü2K	´qN¿ˆ_L@;SQüMŠø«n
´´ÈíPy¨ßsU‚åóŸa>Ï°ãGåÜ•×9¶œ±¾Pö*rv‘Æ¬+ÏP	y"F±	Án”ùö?â_EŸz— ,,NÊÿ'’"„;õ*gá Åc¥.¥W,>
,SHA_Buffer:
ÃËÕ„ïzRw3.¢"qÁ+q
,buf hex:
c3cbd58403ef7a527733072ea210022271c12b71


START:
60817408
,filebytes:
ÍÝ&Ë×ZçÏB^	Ÿù\$šuêy.QÚfvµi²×¥hù×Ž‹¢o6w©ß~sº”R>0¤JÕ­h¾i"2‰UGûC‹úóaÖá šWiÄ®‹þ@¦ä‹ã¤hÁžˆÕµ¯?¿ð’å…§xTŸ%N´'Z'Xæa{©À>Ÿ½ê0Í`C%Šë^Ÿv¿W’7–Öæ^ÊO	=DF5K˜——’ÝåÅÅÅÉIw›Ùã·¢6Òõ—dÿ4ƒÍ_¿ÒÍ¹,…Â{8¸…„Háªc=0¦‰2ÐlÁšZ3„¶vwçÀ¦ƒ™Ù
p*>eeY¥³A5É\¾ý‹†ét/«©xsØ99q™Z}ÒE·tÙ¹õ”–‹¬c×±/žL’‘’NþˆxŠ:Œlv˜€]BâùŸd#‘h;z”+vÛ u™.d2R¸û¸¨ç#¨)“µÍ,«fÛ-J23\Ã­AõœWTÜÙKf¢ñ7týÂkª‡´µQÆ
,SHA_Buffer:
Ä®‡go­ÈŠ)(FätÏÝ
,buf hex:
c41bae87676f1eadc88a292846e474cfdd00f414


START:
61341696
,filebytes:
µÏñêºˆ¾“ˆ<|•äÑÂbÂ¥ÁàQ±÷ƒ‘¿GßQªqeÏÇ¼ÅLøJ­Á—66Gè7‘¹}o KA‘	æéýHƒ™­ªÎ×J÷vÉ^LIer9Ì•Ñµ•Ó#R•õYþáï.?Ù‹½dGEŽ(µ*ÌÌ(U.“prª,‡=slaìñ0;\[ÓC‡ZöÄÏw¾ØfÝ)¼+õÄ›9ˆø„q?·:$Û^˜27rÇ§Dp'ÐíÉÝmòu0ÀÌ@ÚÅ\û±nÅyËE) àý¼+µ=;Ê–În –N—V#LÉÛ¡ÝVAlÛ!'š
‡b²Ç­°@{ŒUmñó‹Äæ¾:)H¤ó…Žu÷JàùäžbGìVYô1›>´i©ÕCt&ÐÙÆÈLò
oa>{L·¹sê%iûšŸ·Øq5ìö…yk¥ñÀæ°—Ùl²Éš0Â9@©€ýÇÉ=i3ó¹;ýNT|¾oe¶º
‹G{6øUO>¿Æé4…ë4WmnL‚{ß9ÌÎ+Ãé¡œq…ºØÔ™¯-P%¡böîY™Ã{á3CŽ†Ãf­ZWo;E4FŽçÓër¶o:vF+™Y”Å¦ —]Ò/Äb"û°1Õd:Àl5ùpJìÕÝ5¡<3d{0‘ŸgÀÅásˆ˜Þ™&ÖâÑ\h	ò	˜;Ü®ŒÛH9­Øêù%C9†µR˜¬½ßþÀ[7ÑR¤0ƒ4sýÀ3\Þ=c1ûLç‚àÓOOÊ ¶Pí¹ÿ£¼°Ñ®ùvšF³„Ñ
ðÏx×þà¢¾8N'µðØ7oÏ;ÞâXåä×æUU ´0,¥OO½ùÑËÔ3Ïø$“AyRÌvÏñ-s¸Ù¶ZÅŠ×Dâ@DsŒqZ0³éñ0#ÂFIl8ì’’<ät(x$@7ù‹ª¶­C¿°èCY‚W9‡#Ey±Ö8.2,´OE,f
 Ð‡™	ôX	ÆÞk ƒ­*UDb”ñ¿bðè¦q“%Ó	5ÃU¶ ›Ü(·ü ^BŸ3ÇnÙ6×]ç¥Ã¦&™t{{;A¯Ñ«jPf"CâÖÝ±Ÿ±@þáj‹	˜ºyŸLhqM’?õéÙ“{˜ì‚øXéÏçÃ€"2}A'!PûÝ¦TÍrReLž?µÝR›ng	i¶õí€-2výávîÑå9IHG¼/lNè’ýKá×€2ñrn“•ƒ¼mòúÈÐ£´Æt8c½i`²	äm*3>©‹R2û'·’f‹(W­yBw»zó]Å¡¾zãœœ]o_|«7è‘¬D­Ë¤T½ûgÉé"ÛÁ/FÔØÓõ§I¢]2<Þ½D]€&mÐv!$-¾s¾-
ø¤o2TZD§ã¯%L¹q$ÕÅeá—.^†Eb“ô/a?òîÛ¸9,Æb62Ÿ÷Âê.«»‚ÂèŽÛãJ;ÅËS‰k¦•³W«æeø„)ÂR	:>Ô}XÓPF‹4fGòW‘n³y×Ù>‰t'œÃ€!59™,ÔAÑ!Òm¬ä\cv¿ö#ã³M¾»[³¦¡Ê†¡K04ãŸnqN'¡ƒäXX§\}\¤:`9ËõR9VHQD·š´m°’÷æèì43Hñ"¡_Èm¥ž9g$ÜŒ¿}'0’>†cº2§RaãÊþ“»{%µ­êrÐ;†ºŽÀrÅ{è³Êö™ÄƒŸ´5P9ýÁß5¾¦Ù5é¬Ò&šËPð+™å]UY`‹-]cŽ¢Ô`wôÀÊà—¸ÙŸûngø)Lg­Ïýü”´ãM¹àöÛ¹=\´žþ“¹V{m&;!Š®ø,ÄNëê‹_Ðì5–©‘F÷'£&·'vÖ±^K´"Nõ-«XØ?ñ†
Côð†×Aj÷®¥
,SHA_Buffer:
_ƒõ‚+IR&%>nç(}æ
,buf hex:
5f83f5820c2b4952261b25163e6ee78d13287de6


START:
61865984
,filebytes:
žÉ¦çÚ¯³hLÛ­G1p¸qÍS¨œmhš£­itbÅ)2ßÎ.ýzss'ØÐ>v—Ø(Pñí
½OáÝ¨?’š—h-ÉÕ™¤ž6v¾Ójû
,SHA_Buffer:
ÔFÀØ­¬
°Ôh\¬Æ¬
,buf hex:
d446c0d8ad18ac170ab0130dd468135cacc604ac


START:
62390272
,filebytes:
Ý>pÂ™¬'Ù5é¸pÙ«¾(_2[[•9Y#€ëueÞÞ~@ÕÎÝJdÑtûÌÀà]€ÿ
,SHA_Buffer:
™zwâÖ¨,Îÿƒj<ì&loX
,buf hex:
99187a77e2d6a82cceff836a3cec18266c6f1758


START:
62914560
,filebytes:
´	¹ô3ìW¢¯©0Ç²•Ÿµ¨ Ý!µè
,SHA_Buffer:
ùN­nt¦E{n§•²OÕˆ©ø"
,buf hex:
f9024ead6e74a6457b6e1fa795b24fd588a9f822


START:
63438848
,filebytes:
˜úÊ°ØdØíœ:¨nRÔ^§é=üÅrPLÏ÷ØÓÞo)z(›9ƒb½‡Gý°ýð\€ Bã§ÙÐk[÷l'ÖnJá§Ñ4~.ãøï~n¸Ðb›sÖKu
%Žî!ÜûµŠÎ›ô%Ì%;ÖUš–K•Y
aV/ïì*èR.†ð¼	ÛY¹¾ÿX¹WÏ›˜id-OÏýþí©ø÷îÔA
ÉSAb¯#î·Û¬4AÉF~x¼¸ñ x¡þäèÁGÍødÉÜ(µÜžmWû)–]·©xÉô‘G…(éŸÕ‚ƒç‘^÷NuÞý\¸+cl ’f¢üÓˆ_*•þ¥ÊóÏR…á†´öC-–QóCOc?ê@W÷^¿Ø•©N{È,”!©™ƒ•
,hÁp4 ?n|£‹xßp{Š”HgDSÀ‰÷”ëÞÕ«Þ~ZõÇazRÞµd’qF<-¡Ÿ)4þJïêWá°¢p;tà@zÿØ/4&
*CCx¨ØY
ÇÎ@™å¯OŽÊZ™0I*%j©Bò
¡¬}ñÞW+ËÊ=÷Ü&sÌL.åy`¤E'Ã#ÏaÅ°ýA%JyøŽü]í,}îÍ‘—”Úñ;‡~’ÜpÚ—=š€øØy“ñ¾5—žüÂï·
uþuóÒ•šŠp²‘²T“~ÏËänã¡uòÆ¹&Ê¢}ozÝR›QÂËä=³&YZ“©ŒÞL:Iç…¶9^Pp^=œŠ«>ÿ¤º=eRL9)&Ù–©X²æ\›™Èö•P[ÚÖé^kÑRÁúönR†óK‰G¿'Ìg5ÍM~tº¾<¶ØqpcX‘‹F:åá*(=ÔkKE³nž‹Å<Z]f¦UxRAš?<£/íM5¼±l8‰Ty3f‚›ôÜf‚§A ÚâñR@ÊÕýÖ%[„™noŸøü×ê+?ÞF	ÿSÏv–÷‚)Áˆ‘÷¨ÈÐ»®tV£ ‹wálžâ‘…Û¯¾KQðHUÄ¼Ž<ÊÙ/ÐÜÝàôV+Þˆ#? œÒðê7†V>Ö®y»qºÓk}º©±~ÖvÁˆÖiÚêNèËá!åKGåæÿî¾‚Î*Ò Ï¹
‹nõ	p
8ÆÌ•žîô#¸k™ëJßõ5ÍÎ%ôØBßÙMOã÷Mö3,O÷Ç¥þ6¼ÓÁ„œ‚9•:’5·aF6U|£ùrˆ8¿Šûòn®¤¼éã´´ëÊ«‹º{\¼
,SHA_Buffer:
MîÙÜìªÎ…oP]áx2 ˆF?K
,buf hex:
4deed9dcecaace856f19505de17832a088463f4b


START:
63963136
,filebytes:
¸ÌÙèŒû¿ß¸ŸïñÞóQ\fc—a8¸È±ì5ƒÊ¹ïáÂïR€˜c8Ô‚ü;"gÈ±õŒ³#?÷¼þ,áqÖ.Bs~²Àq–Âíé€eW8Ã:Ü@Î¢:èÍbïù
,SHA_Buffer:
›IOY˜…e|´…lÍfÆˆÆù3ïÜ
,buf hex:
9b494f599885657cb4856ccd66c688c6f933efdc


START:
64487424
,filebytes:
ª©;>áä?ã¿£¤¿.•3?8°wÍ®wÑëôyÕã:fÿØÇ™Q+Ýl®û–îc•<$4Ž¬S‡Iõ°y-ëÌþƒªR›Q”Ó!»8yÑúA’MŸ[á 
Õ,ìÉ"fä$Ý[>>bÏ9(û{ø¸ hí&Ã¯z©ò»"ì¯)€Éû
™Ï5;à4üYˆ®YÁZââ~N
É-Ýä%æzæ×(Œ”¶ÚÍÈ(/aw]ÊoÍe‚ÒÎˆê¨×Xq9Lq›Ï@t¿Ü#„òâí#éo"[²JÊÈq`Ð»#GQè­~ˆq7žt Êùôß“{¯´
yv¦ÃÞ¸ý…¢­[®B¯ÓYC£‹/¾7Þ\â8]E	æuÛp!#ŽÊ)K¸7ƒz¬R·´ûÎ”¢ý³Ù!ÜKgÚDO[Q\Eæ Haq½oJŸ§RŠÅl95`àxWô8ãYâÉÑ*–ÓH¹Ìf ýp¸÷qZeöËÜ¹Þ±¡Žû=Šf)¬C±”Ó¶­s¯`«ŸŒÈú´œ•Iˆ‰Ù€¾“3È	§¾›ç]˜µ"ÅåeTÅ5`#­…MUÑÃÑôsO¢8Gw`ˆ³|)¶h’ä06X îƒL/‹ñ «‰ù>»‹ôðë™ñ>Ü·¨f-±p…ðN£OÁ|:Js]UþE®@Þ£MJ~a	°ãrpaû˜Ï'úfï(x³MôXª÷á&3£lsÜ?:’ô'x„BôÝÙ,7¦~ŠÛYx:mñ6øHz³£&$ÇÙõôþü“zäÆëˆÂ]ëj}Œæhögs¼Å®Šö7„˜"½Pãä($Å­ñÒƒoÓ¼ô,Âƒ:ª¸0¿Ëcïdt'ä6–ÆOVÄÝç¨~Íh­àB7µ,D·åÝiŒ››,˜0êfì]Üç†,%n8ªQ’JÃŒÕÇ2°—bõ4 9–ðñm6`®ÀFäB»–o$ÞþxƒüÌ3¿øÕ^h¶±úÉÎdùa¼¨"eç<>$ç|glÖ|§¡ÆÿO“ïB\t±ASmÏ6jrãXÍ4 >;
´|@ÞÆz¿?ÜSì—N­¥Œoø«àÿé˜¾úòGùjûHAÑyùT¹ù;©šæœž(ZBð¥Û>P´¬âùã™ë˜Lú,Ñ‹=­$
žà8ð)=¾¿I©ÿZW ÍfwxF%‹¼àaÛÄeýÅï—‚MöS¢ßrTÇ[wÇŒÒ&™2veSûðÿ~•ÆSl|p\y}8H5SÆ©éÛý¦úúƒqéWÂ‘4¬ÎÝ’^Ï¸’H“‡xŠì¹}dmâ{«ÓÈÁ|~3%*Hà
“Ð2é0” –‘è	«îjçFíQµ·cøk“ž±0Q—hª¥÷†­¶’žÈWÝßƒ¸‘o<7±o¼ •·µ;¬É †[²Õ‚×ïXp`Æ$†ÜWîÒ¸±¿ƒùý|T€Ùø!4b…_jåÿsÃa—@84¹uö³ïa#6dš„Ìu­òäÞðÞV¿Þß4*ïMŸ9½¾ñÍ‰Mô&£”\b¿Ü·"*m—“¦v¤’*®"Q~nÿG|@¦Þ¾ªè÷¸Óû”Ë±Àœ IùÂÒî¸/®ÌŒ^;¿Qz&•^}å[ó½‡LÄâfÒ4}ûÒâ“}•þÒÊî›e½š›[|¸òÜ&›:4'h\Yµ#S%dŠèéüý®çËüY’Äe§ý
·_&ù³þ%Tå‰,–¡XÇmSŒhÿèàŽ?³¶Âï[RU"½îr¦ÄYBß
,SHA_Buffer:
|¤ýCÐ!Úiqˆ—Þd(s½’hJ
,buf hex:
7ca4fd43d021da6971889710de642873bd92684a


START:
65011712
,filebytes:
<WÇíúHTËE9óS²…ð£¿*ø`°ëÝÀÜàœ³^Z^NµI½‘è¤åÊr+ŠÏ75sÄ¤ ËÐZ|RÅþJ½»j™ê±dfãyš#}¯OµJažÎËBÄàÉ†TjœCâo<Iœ$
,SHA_Buffer:
+r¹²{‰ öñ|(ÆüUã²P
,buf hex:
2b72b9b27b891520f6f1027c28c6fc1b55e3b250


START:
65536000
,filebytes:
+Fv‡Zâµµ°6yà[õçX5‹4]=eé›­xqñÝ"y>b,½ZRY„Î‚ƒ¬'Ùu9ö$:,V¤ÿÑPãû·?mŒJ+&êÜ-®ë¨HµÇJûlÉ ågë3péº—#y\+ú?YÒ]ò(Ä¯ðþÆ£,W,Î§edçYpe§¶÷Âød£üçSºÒKò%é½­ÎVä/;t€]D«Vi½øW4s°ü"f=ÄÞ®wêÎèJb¨|[­”O[&ÕPJ>%n•Žr@ñ²~Ö[=b­;Zí˜’¸É¨ªhàÀê’uWô¨ÙØÆ3Wªvháâe]Ñ_ö‡;1ãk a§hŠ17ú5˜g\ìÜ}J†Î7ýã©lmÐ­¢”•AÜf¦[Äº¨™G:¢P”<˜ë+Æž°ÿãB–ìQå:õ{<ÔøœÍ1­j
‘SæT%+[ç¡qREîÛ]2PB£âƒ­-2
,SHA_Buffer:
åí¦Ë)-ônˆ–Ÿ¦ÙK–
,buf hex:
e5eda6cb292d0ef46e88969fa6d94b1796000ad4


START:
66060288
,filebytes:
¥þÎC…ß—cŽRA‰«ÖQ}ëê‘.îvèHÃM¦µâqÖÞÒ_v=si¨Œ@ Ï‚•¡±)4ÌèÊã²{7ˆd†-…CïOâ¸GÎ¥@w{ðòÙˆÌ»OiÎ„
,SHA_Buffer:
H’Ë…	ü¡žAéiŽÂƒ?“N
,buf hex:
489212cb8509fca19e0f41e9698ec2831b3f934e


START:
66584576
,filebytes:
úÔk§[³Å-JÜ”Ï]lsšjžCna\Á•7£›‡•ïÕÖû¢”`2\™)Ž¬PÛüO>‰×[]Z> ÛÎ&\/Q9áX¿*UL™nÆ®:WêÝÕcž"ùq”ÅÎÃãÁÑù	EŒåìw¦x¥QÔ`x<Ú…µÿÄÈ*ó‰òvlº ¡žtÚÕ;eGøV ­B6ì_Múß*È¡˜Êvæ	!6Šƒ£ˆÃ÷{ŸSHhÆoµöZªØ9¶(¹Ÿ.l¼ÎÈ|»·.gñâô´ü@î‹G¥Ø‡¼ˆ7Œ¡ o °ÐÊø•:q{™Å¦ÙG—¢aýÂXJ‹“‘ÈÌ0%¢C#Âº¼`Ü|:|0Êò`fMã=‚Ú½˜Ð•×ep×8[toKÕTr­-ÏjpfEÞ'bÂ4á¢â+ïnÄ$ïK™Î;Ëêg&r\•û>Ñ-·ÅÓ/CqÖ^=å=¬£óE–b«L.L{×7^'Ðí9«©³åÚ1{’Ö{ŠQybhG¥«†|ŒöÙ
,SHA_Buffer:
AmÙ$cz6h(Ì£
%ûk,hy'
,buf hex:
416dd924637a366828cca30a25fb6b2c68798d27


START:
67108864
,filebytes:
V{œúJæàÖ¹‚#ÎXe¾[›$ÛœwR 9PÄ2;
›Qá-“U¸¾Íi÷[˜Ð‰fNÛA;(+3ÍõÖ”TÐ~Ìªv&-¾¯ÌFŸçR¢A(yžz	øu£¶Óª¯$Á8³ÂL>ð®e½Í}ÚtC¹–‡¸v±ÝÒB“ÙÑÄU4–ð*”È·ë†Œ0µ~Ô²<
Oø!‡uºÎi²§Ñ2­âºD;„\cžP¼ò^¿§%·8ìØC¶ÞŸ$fy[SÍo½ÕøVjIsÃwÃo8¹´²e£6J³+™Q\$Ø½¾'®}îôßLøB#zÓŽ¦±í`(piÊw‰êBúFMzŒUÔþv¶ia<þß£—
,SHA_Buffer:
»ÇÖÚ¼tGVŒ9õpºñ[»•—q‰
,buf hex:
bbc7d6dabc7447568c39f570baf15bbb95977189


START:
67633152
,filebytes:
µ9Çñ±±Ð‘1úå&ˆ“½œZÌî;êè°FgdØð#[P&ƒ|®»¿ò«[»ÉïÊG|	ð6?äœDîè>v9èH-
,SHA_Buffer:
§h“¼ÝJnÈ»hïZÃ­@å¬_
,buf hex:
a7156893bcdd4a6ec8bb8f68ef5ac3ad40e5ac5f


START:
68157440
,filebytes:
ö¡t6ó„5Mçˆ<JÓ‚rÑ/½+ÍÙÜÊ*kYS4ä-Š{ò0›14 fg
,SHA_Buffer:
 ³h\>$iŠ_.¥îÍ­È.¶b
,buf hex:
2015b3685c3e24698a5f2ea5eecdadc82eb6628d


START:
68681728
,filebytes:
D
,SHA_Buffer:
x?û´;Ù(ÇøÅ­L1²”#[’
,buf hex:
0818783ffbb43bd928c7f8c5ad4c31b294235b92


START:
69206016
,filebytes:
—¾BØÏ.8rC\ËOª¶”ì­Hüû0	8Scä‘çZÒTcÄòZ…Ž(\ëM¥DåV‹ßIŸ=@‹—œ½@*«kÔ0‰Ífƒ‡JÃ¥ñþŒ*ïòx»¡Ö8–NK—ƒÐãÔ{õêg		B¿Pe!‹åž7Ã¢h?Äñ)Ö®Kö§£Î<  xœCÕ|Ÿ/K-à––Az3hÅ‹aà2›OfDm4x¸f-J¤•–ªk°«WGÍd¼ÚáƒòŽ»Y í°
.ÌnžyÕ”/!¥^ÑÎêì 4çTb'È®¦É²¨îV²-M+_ª}©¶†¨‘ÒdTuœS
,SHA_Buffer:
9°´ylgoêGB—Z¦ý,=>Õ¤
,buf hex:
39b0b4796c676fea4742975aa610fd2c3d3ed5a4


START:
69730304
,filebytes:
Ô±9vjDg5¼aé[KýºË"~û:Ê=Ýc	
,SHA_Buffer:
–Aq`ç­i‘ÌŸ"ÙˆJÇóa
,buf hex:
0396417160e7ad6991cc9f221dd9884ac717f361


START:
70254592
,filebytes:
×Z¯o§ýsª‹™OîsYé"„€wT%	oþWÏ¯!¦U™ÄC<¢RŸ÷ðÊÙ†W/…ã7Œ
,SHA_Buffer:
qw8ºà½›ö«çÍ³í›jç¥H‹
,buf hex:
717738ba07e0bd9bf6abe7cdb3ed9b6ae7a5488b


START:
70778880
,filebytes:
=2Ûº—Gn×mèËÝG_¯›‘)È$Ðgpôwww÷èp­n[m^m]m§e?ÒòhkZÞ<rÁm]¢;â¾ò™
,SHA_Buffer:
ÌÅ˜Äï–6XsC2Ï
…ÃÈu¸ã
,buf hex:
ccc598c4ef963658734332cf0a8502c3c875b8e3


filenamedetails
ff96666a9a37865ef1ccacb6bed7d3f8c2fd73c1c29edaaeb6a3a348fe704b2699ad1a469e7714f3bf025541fe4243042ab61f91f0d9930d22794c321f4c7d32d475d91d5439fe25de56ffd33e5ed8686782d12a85401c0b15c841cc257099bf43a244e1483c75b23cfcfa84a7949f7198968e1bd72fc37506849a42d602f5878e605a6950ae81137b99284f5a9ab77832cbb2aa0cfa286ffe14298ae71c077aeb5b960fdffb35d43aed7eb9901b90b05ae8033a4f1bf9b65868a459868b648738e21d854e56e17f6a3ad62594cef542cf09cc706b2b21df6dcab4a0c62134d5e184c9edd97f224d7955f9608652db4dce54224b451ae7ac6bd6ffd449dc0672d0ccac6515d47e95e90098324209134179cf460b5635730da44423fc6b8103244f75048dfd36e1ede6bc75623d237dc2291c49978d2eb08c4c34d7cbc11ab20e896a85dc24f750a05df7bf3fc7f34cecf6e09e6ee51f24e83db069eec4114595b813ff96eea832d140db32e1c56f4469b4ccf5e428d0dcaf57aa57e8c5c10e80eb982052b4cd9223e85ebdfe05a1eab7832c208f846d21d7d9787f60f129e3752e24157585098dc82e3c2cc0ff8b341ddc41b79c31e9798686d6908bc6ade66f07688e887b3ad5d1982a2fee0626897e390d5310f7d5c1d6473c9fa57f2c2ae507055c1e6a970b0b0a75029cb70f64c235ab0fc219fd5b9958729c9b08636797ef442ca9c768c85dac94550ce0bb5dc331bed06b0d1a118d9f183bc5dc4730f5d80cc75e6831af1d43dc3101a9761dd828074cbd659590a8ab07dc341d37b9fcdd10498c08509c8afb4b35e9cdcee6b5988d014b044cb06332ef2ad9d7fc26c40cdfbad1e57b1a18be3328fb1de4749c23ea8b4860fce775a200bc28fb8b7d66e78ce6a6567051e42bafd3796f2b72f6cf2d976634458238dd1a89ccd8a0a0405b958c7323f2742aaa978d15fcedd031128c2b2a982ce0b9a2bfc4b226ff1303a870adb6e38e338295cca99a8957c76f0fa7961f71d3a96fa2ce44064507344ae5f63e87e8d18a68f92e974bf108c85d40a8b19d3103444b1e94e1e58a8958195764784bb092b1f1b816962a355a524d05912755f62d501368617ddee8b829ca98f6b62315cb8cb2e3e8eb9c08a0ebb2e9939966deb2a38da9beae04f2ae211e1efdbedb78d51087d0cbbad4750d3511525c20f435eaa72dbc918e9a4b2d41470fe220f3ee329b1a00fb8725fe973c7937df959a569ebc98d17bc42f9aa8e26097dfc3dec59bd29d0b7a4bcb7b6af5ea3b4e40b1aa30f55cbb7d755a5f76c57b4e8f19f0328e42cf7899e323e5cca45911c0ccd785f12370bde3bc0454156a3dca0f4dbade3b6be932ce2c93af79a8e7251dafc7726baae59e4517d96a0330f0e56d0bdbb82e6e4f48a93ee363438dc6d5e043101de0dcf795cf62fcc7d538c90e6d08599db13c1cddc58eb1b78ec8eba2818b741fd1d2b09231336a8b1fcd7824677501bde84f1b2032fbafc00059ac259de90062659f60cbbb68d65f5534a712ec7e55f3ecfaaebbaccda513040c71af9e6ccb8245db73214948be53248106d38bbf165aa4c2a2cccd87e34013b1715793e7adc3772f801ac09a4c1f6cc3cbd58403ef7a527733c41bae87676f1eadc88a5f83f5820c2b4952261bd446c0d8ad18ac170ab099187a77e2d6a82ccefff9024ead6e74a6457b6e4deed9dcecaace856f199b494f599885657cb4857ca4fd43d021da6971882b72b9b27b891520f6f1e5eda6cb292d0ef46e88489212cb8509fca19e0f416dd924637a366828ccbbc7d6dabc7447568c39a7156893bcdd4a6ec8bb2015b3685c3e24698a5f0818783ffbb43bd928c739b0b4796c676fea47420396417160e7ad6991cc717738ba07e0bd9bf6abccc598c4ef9636587343:/Users/piyush/Downloads/dip_materials_slides.zip
53005aef2083b1f498d71c0d6a015b9d9137a76fe7aaaf0aedef9dcba661:/Users/piyush/Downloads/05BitTorrent.pdf
filedetails
ff96666a9a37865ef1ccacb6bed7d3f8c2fd73c1c29edaaeb6a3a348fe704b2699ad1a469e7714f3bf025541fe4243042ab61f91f0d9930d22794c321f4c7d32d475d91d5439fe25de56ffd33e5ed8686782d12a85401c0b15c841cc257099bf43a244e1483c75b23cfcfa84a7949f7198968e1bd72fc37506849a42d602f5878e605a6950ae81137b99284f5a9ab77832cbb2aa0cfa286ffe14298ae71c077aeb5b960fdffb35d43aed7eb9901b90b05ae8033a4f1bf9b65868a459868b648738e21d854e56e17f6a3ad62594cef542cf09cc706b2b21df6dcab4a0c62134d5e184c9edd97f224d7955f9608652db4dce54224b451ae7ac6bd6ffd449dc0672d0ccac6515d47e95e90098324209134179cf460b5635730da44423fc6b8103244f75048dfd36e1ede6bc75623d237dc2291c49978d2eb08c4c34d7cbc11ab20e896a85dc24f750a05df7bf3fc7f34cecf6e09e6ee51f24e83db069eec4114595b813ff96eea832d140db32e1c56f4469b4ccf5e428d0dcaf57aa57e8c5c10e80eb982052b4cd9223e85ebdfe05a1eab7832c208f846d21d7d9787f60f129e3752e24157585098dc82e3c2cc0ff8b341ddc41b79c31e9798686d6908bc6ade66f07688e887b3ad5d1982a2fee0626897e390d5310f7d5c1d6473c9fa57f2c2ae507055c1e6a970b0b0a75029cb70f64c235ab0fc219fd5b9958729c9b08636797ef442ca9c768c85dac94550ce0bb5dc331bed06b0d1a118d9f183bc5dc4730f5d80cc75e6831af1d43dc3101a9761dd828074cbd659590a8ab07dc341d37b9fcdd10498c08509c8afb4b35e9cdcee6b5988d014b044cb06332ef2ad9d7fc26c40cdfbad1e57b1a18be3328fb1de4749c23ea8b4860fce775a200bc28fb8b7d66e78ce6a6567051e42bafd3796f2b72f6cf2d976634458238dd1a89ccd8a0a0405b958c7323f2742aaa978d15fcedd031128c2b2a982ce0b9a2bfc4b226ff1303a870adb6e38e338295cca99a8957c76f0fa7961f71d3a96fa2ce44064507344ae5f63e87e8d18a68f92e974bf108c85d40a8b19d3103444b1e94e1e58a8958195764784bb092b1f1b816962a355a524d05912755f62d501368617ddee8b829ca98f6b62315cb8cb2e3e8eb9c08a0ebb2e9939966deb2a38da9beae04f2ae211e1efdbedb78d51087d0cbbad4750d3511525c20f435eaa72dbc918e9a4b2d41470fe220f3ee329b1a00fb8725fe973c7937df959a569ebc98d17bc42f9aa8e26097dfc3dec59bd29d0b7a4bcb7b6af5ea3b4e40b1aa30f55cbb7d755a5f76c57b4e8f19f0328e42cf7899e323e5cca45911c0ccd785f12370bde3bc0454156a3dca0f4dbade3b6be932ce2c93af79a8e7251dafc7726baae59e4517d96a0330f0e56d0bdbb82e6e4f48a93ee363438dc6d5e043101de0dcf795cf62fcc7d538c90e6d08599db13c1cddc58eb1b78ec8eba2818b741fd1d2b09231336a8b1fcd7824677501bde84f1b2032fbafc00059ac259de90062659f60cbbb68d65f5534a712ec7e55f3ecfaaebbaccda513040c71af9e6ccb8245db73214948be53248106d38bbf165aa4c2a2cccd87e34013b1715793e7adc3772f801ac09a4c1f6cc3cbd58403ef7a527733c41bae87676f1eadc88a5f83f5820c2b4952261bd446c0d8ad18ac170ab099187a77e2d6a82ccefff9024ead6e74a6457b6e4deed9dcecaace856f199b494f599885657cb4857ca4fd43d021da6971882b72b9b27b891520f6f1e5eda6cb292d0ef46e88489212cb8509fca19e0f416dd924637a366828ccbbc7d6dabc7447568c39a7156893bcdd4a6ec8bb2015b3685c3e24698a5f0818783ffbb43bd928c739b0b4796c676fea47420396417160e7ad6991cc717738ba07e0bd9bf6abccc598c4ef9636587343:ff96666a9a37865ef1cc,acb6bed7d3f8c2fd73c1,c29edaaeb6a3a348fe70,4b2699ad1a469e7714f3,bf025541fe4243042ab6,1f91f0d9930d22794c32,1f4c7d32d475d91d5439,fe25de56ffd33e5ed868,6782d12a85401c0b15c8,41cc257099bf43a244e1,483c75b23cfcfa84a794,9f7198968e1bd72fc375,06849a42d602f5878e60,5a6950ae81137b99284f,5a9ab77832cbb2aa0cfa,286ffe14298ae71c077a,eb5b960fdffb35d43aed,7eb9901b90b05ae8033a,4f1bf9b65868a459868b,648738e21d854e56e17f,6a3ad62594cef542cf09,cc706b2b21df6dcab4a0,c62134d5e184c9edd97f,224d7955f9608652db4d,ce54224b451ae7ac6bd6,ffd449dc0672d0ccac65,15d47e95e90098324209,134179cf460b5635730d,a44423fc6b8103244f75,048dfd36e1ede6bc7562,3d237dc2291c49978d2e,b08c4c34d7cbc11ab20e,896a85dc24f750a05df7,bf3fc7f34cecf6e09e6e,e51f24e83db069eec411,4595b813ff96eea832d1,40db32e1c56f4469b4cc,f5e428d0dcaf57aa57e8,c5c10e80eb982052b4cd,9223e85ebdfe05a1eab7,832c208f846d21d7d978,7f60f129e3752e241575,85098dc82e3c2cc0ff8b,341ddc41b79c31e97986,86d6908bc6ade66f0768,8e887b3ad5d1982a2fee,0626897e390d5310f7d5,c1d6473c9fa57f2c2ae5,07055c1e6a970b0b0a75,029cb70f64c235ab0fc2,19fd5b9958729c9b0863,6797ef442ca9c768c85d,ac94550ce0bb5dc331be,d06b0d1a118d9f183bc5,dc4730f5d80cc75e6831,af1d43dc3101a9761dd8,28074cbd659590a8ab07,dc341d37b9fcdd10498c,08509c8afb4b35e9cdce,e6b5988d014b044cb063,32ef2ad9d7fc26c40cdf,bad1e57b1a18be3328fb,1de4749c23ea8b4860fc,e775a200bc28fb8b7d66,e78ce6a6567051e42baf,d3796f2b72f6cf2d9766,34458238dd1a89ccd8a0,a0405b958c7323f2742a,aa978d15fcedd031128c,2b2a982ce0b9a2bfc4b2,26ff1303a870adb6e38e,338295cca99a8957c76f,0fa7961f71d3a96fa2ce,44064507344ae5f63e87,e8d18a68f92e974bf108,c85d40a8b19d3103444b,1e94e1e58a8958195764,784bb092b1f1b816962a,355a524d05912755f62d,501368617ddee8b829ca,98f6b62315cb8cb2e3e8,eb9c08a0ebb2e9939966,deb2a38da9beae04f2ae,211e1efdbedb78d51087,d0cbbad4750d3511525c,20f435eaa72dbc918e9a,4b2d41470fe220f3ee32,9b1a00fb8725fe973c79,37df959a569ebc98d17b,c42f9aa8e26097dfc3de,c59bd29d0b7a4bcb7b6a,f5ea3b4e40b1aa30f55c,bb7d755a5f76c57b4e8f,19f0328e42cf7899e323,e5cca45911c0ccd785f1,2370bde3bc0454156a3d,ca0f4dbade3b6be932ce,2c93af79a8e7251dafc7,726baae59e4517d96a03,30f0e56d0bdbb82e6e4f,48a93ee363438dc6d5e0,43101de0dcf795cf62fc,c7d538c90e6d08599db1,3c1cddc58eb1b78ec8eb,a2818b741fd1d2b09231,336a8b1fcd7824677501,bde84f1b2032fbafc000,59ac259de90062659f60,cbbb68d65f5534a712ec,7e55f3ecfaaebbaccda5,13040c71af9e6ccb8245,db73214948be53248106,d38bbf165aa4c2a2cccd,87e34013b1715793e7ad,c3772f801ac09a4c1f6c,c3cbd58403ef7a527733,c41bae87676f1eadc88a,5f83f5820c2b4952261b,d446c0d8ad18ac170ab0,99187a77e2d6a82cceff,f9024ead6e74a6457b6e,4deed9dcecaace856f19,9b494f599885657cb485,7ca4fd43d021da697188,2b72b9b27b891520f6f1,e5eda6cb292d0ef46e88,489212cb8509fca19e0f,416dd924637a366828cc,bbc7d6dabc7447568c39,a7156893bcdd4a6ec8bb,2015b3685c3e24698a5f,0818783ffbb43bd928c7,39b0b4796c676fea4742,0396417160e7ad6991cc,717738ba07e0bd9bf6ab,ccc598c4ef9636587343,
(136)
53005aef2083b1f498d71c0d6a015b9d9137a76fe7aaaf0aedef9dcba661:53005aef2083b1f498d7,1c0d6a015b9d9137a76f,e7aaaf0aedef9dcba661,
(3)
SHA_DIGEST_LENGTH:20
